Component: ARM Compiler 6.16 Tool: armlink [5dfeaa00]

==============================================================================

Section Cross References

    air001xx_hal.o(.text.HAL_Init) refers to air001xx_hal.o(.text.HAL_InitTick) for HAL_InitTick
    air001xx_hal.o(.text.HAL_Init) refers to air001xx_hal_msp.o(.text.HAL_MspInit) for HAL_MspInit
    air001xx_hal.o(.ARM.exidx.text.HAL_Init) refers to air001xx_hal.o(.text.HAL_Init) for [Anonymous Symbol]
    air001xx_hal.o(.text.HAL_InitTick) refers to aeabi_sdivfast.o(.text_divfast) for __aeabi_uidiv
    air001xx_hal.o(.text.HAL_InitTick) refers to air001xx_hal_cortex.o(.text.HAL_SYSTICK_Config) for HAL_SYSTICK_Config
    air001xx_hal.o(.text.HAL_InitTick) refers to air001xx_hal_cortex.o(.text.HAL_NVIC_SetPriority) for HAL_NVIC_SetPriority
    air001xx_hal.o(.text.HAL_InitTick) refers to air001xx_hal.o(.data..L_MergedGlobals) for [Anonymous Symbol]
    air001xx_hal.o(.text.HAL_InitTick) refers to system_air001xx.o(.data.SystemCoreClock) for SystemCoreClock
    air001xx_hal.o(.ARM.exidx.text.HAL_InitTick) refers to air001xx_hal.o(.text.HAL_InitTick) for [Anonymous Symbol]
    air001xx_hal.o(.ARM.exidx.text.HAL_MspInit) refers to air001xx_hal.o(.text.HAL_MspInit) for [Anonymous Symbol]
    air001xx_hal.o(.text.HAL_DeInit) refers to air001xx_hal.o(.text.HAL_MspDeInit) for HAL_MspDeInit
    air001xx_hal.o(.ARM.exidx.text.HAL_DeInit) refers to air001xx_hal.o(.text.HAL_DeInit) for [Anonymous Symbol]
    air001xx_hal.o(.ARM.exidx.text.HAL_MspDeInit) refers to air001xx_hal.o(.text.HAL_MspDeInit) for [Anonymous Symbol]
    air001xx_hal.o(.text.HAL_IncTick) refers to air001xx_hal.o(.data..L_MergedGlobals) for [Anonymous Symbol]
    air001xx_hal.o(.text.HAL_IncTick) refers to air001xx_hal.o(.bss.uwTick) for uwTick
    air001xx_hal.o(.ARM.exidx.text.HAL_IncTick) refers to air001xx_hal.o(.text.HAL_IncTick) for [Anonymous Symbol]
    air001xx_hal.o(.text.HAL_GetTick) refers to air001xx_hal.o(.bss.uwTick) for uwTick
    air001xx_hal.o(.ARM.exidx.text.HAL_GetTick) refers to air001xx_hal.o(.text.HAL_GetTick) for [Anonymous Symbol]
    air001xx_hal.o(.text.HAL_GetTickPrio) refers to air001xx_hal.o(.data..L_MergedGlobals) for [Anonymous Symbol]
    air001xx_hal.o(.ARM.exidx.text.HAL_GetTickPrio) refers to air001xx_hal.o(.text.HAL_GetTickPrio) for [Anonymous Symbol]
    air001xx_hal.o(.text.HAL_SetTickFreq) refers to air001xx_hal.o(.text.HAL_InitTick) for HAL_InitTick
    air001xx_hal.o(.text.HAL_SetTickFreq) refers to air001xx_hal.o(.data..L_MergedGlobals) for [Anonymous Symbol]
    air001xx_hal.o(.ARM.exidx.text.HAL_SetTickFreq) refers to air001xx_hal.o(.text.HAL_SetTickFreq) for [Anonymous Symbol]
    air001xx_hal.o(.text.HAL_GetTickFreq) refers to air001xx_hal.o(.data..L_MergedGlobals) for [Anonymous Symbol]
    air001xx_hal.o(.ARM.exidx.text.HAL_GetTickFreq) refers to air001xx_hal.o(.text.HAL_GetTickFreq) for [Anonymous Symbol]
    air001xx_hal.o(.text.HAL_Delay) refers to air001xx_hal.o(.text.HAL_GetTick) for HAL_GetTick
    air001xx_hal.o(.text.HAL_Delay) refers to air001xx_hal.o(.data..L_MergedGlobals) for [Anonymous Symbol]
    air001xx_hal.o(.ARM.exidx.text.HAL_Delay) refers to air001xx_hal.o(.text.HAL_Delay) for [Anonymous Symbol]
    air001xx_hal.o(.ARM.exidx.text.HAL_SuspendTick) refers to air001xx_hal.o(.text.HAL_SuspendTick) for [Anonymous Symbol]
    air001xx_hal.o(.ARM.exidx.text.HAL_ResumeTick) refers to air001xx_hal.o(.text.HAL_ResumeTick) for [Anonymous Symbol]
    air001xx_hal.o(.ARM.exidx.text.HAL_GetHalVersion) refers to air001xx_hal.o(.text.HAL_GetHalVersion) for [Anonymous Symbol]
    air001xx_hal.o(.ARM.exidx.text.HAL_GetREVID) refers to air001xx_hal.o(.text.HAL_GetREVID) for [Anonymous Symbol]
    air001xx_hal.o(.ARM.exidx.text.HAL_GetDEVID) refers to air001xx_hal.o(.text.HAL_GetDEVID) for [Anonymous Symbol]
    air001xx_hal.o(.ARM.exidx.text.HAL_GetUIDw0) refers to air001xx_hal.o(.text.HAL_GetUIDw0) for [Anonymous Symbol]
    air001xx_hal.o(.ARM.exidx.text.HAL_GetUIDw1) refers to air001xx_hal.o(.text.HAL_GetUIDw1) for [Anonymous Symbol]
    air001xx_hal.o(.ARM.exidx.text.HAL_GetUIDw2) refers to air001xx_hal.o(.text.HAL_GetUIDw2) for [Anonymous Symbol]
    air001xx_hal.o(.ARM.exidx.text.HAL_DBGMCU_EnableDBGMCUStopMode) refers to air001xx_hal.o(.text.HAL_DBGMCU_EnableDBGMCUStopMode) for [Anonymous Symbol]
    air001xx_hal.o(.ARM.exidx.text.HAL_DBGMCU_DisableDBGMCUStopMode) refers to air001xx_hal.o(.text.HAL_DBGMCU_DisableDBGMCUStopMode) for [Anonymous Symbol]
    air001xx_hal.o(.ARM.exidx.text.HAL_SYSCFG_DMA_Req) refers to air001xx_hal.o(.text.HAL_SYSCFG_DMA_Req) for [Anonymous Symbol]
    air001xx_hal_cortex.o(.ARM.exidx.text.HAL_NVIC_SetPriority) refers to air001xx_hal_cortex.o(.text.HAL_NVIC_SetPriority) for [Anonymous Symbol]
    air001xx_hal_cortex.o(.ARM.exidx.text.HAL_NVIC_EnableIRQ) refers to air001xx_hal_cortex.o(.text.HAL_NVIC_EnableIRQ) for [Anonymous Symbol]
[...]
    [Anonymous Symbol]                       0x080024a8   Section        0  air001_core_board.o(.text.BSP_USART_Config)
    __arm_cp.9_0                             0x08002540   Number         4  air001_core_board.o(.text.BSP_USART_Config)
    __arm_cp.9_1                             0x08002544   Number         4  air001_core_board.o(.text.BSP_USART_Config)
    __arm_cp.9_2                             0x08002548   Number         4  air001_core_board.o(.text.BSP_USART_Config)
    [Anonymous Symbol]                       0x0800254c   Section        0  air001xx_hal.o(.text.HAL_Delay)
    [Anonymous Symbol]                       0x0800256c   Section        0  air001xx_hal_gpio.o(.text.HAL_GPIO_Init)
    __arm_cp.0_0                             0x080026c8   Number         4  air001xx_hal_gpio.o(.text.HAL_GPIO_Init)
    __arm_cp.0_1                             0x080026cc   Number         4  air001xx_hal_gpio.o(.text.HAL_GPIO_Init)
    __arm_cp.0_2                             0x080026d0   Number         4  air001xx_hal_gpio.o(.text.HAL_GPIO_Init)
    __arm_cp.0_3                             0x080026d4   Number         4  air001xx_hal_gpio.o(.text.HAL_GPIO_Init)
    [Anonymous Symbol]                       0x080026d8   Section        0  air001xx_hal.o(.text.HAL_GetTick)
    [Anonymous Symbol]                       0x080026e0   Section        0  air001xx_hal.o(.text.HAL_IncTick)
    __arm_cp.5_1                             0x080026f0   Number         4  air001xx_hal.o(.text.HAL_IncTick)
    [Anonymous Symbol]                       0x080026f4   Section        0  air001xx_hal.o(.text.HAL_Init)
    [Anonymous Symbol]                       0x0800270c   Section        0  air001xx_hal.o(.text.HAL_InitTick)
    __arm_cp.1_0                             0x0800274c   Number         4  air001xx_hal.o(.text.HAL_InitTick)
    [Anonymous Symbol]                       0x08002750   Section        0  air001xx_hal_msp.o(.text.HAL_MspInit)
    __arm_cp.0_0                             0x08002764   Number         4  air001xx_hal_msp.o(.text.HAL_MspInit)
    [Anonymous Symbol]                       0x08002768   Section        0  air001xx_hal_cortex.o(.text.HAL_NVIC_EnableIRQ)
    __arm_cp.1_0                             0x08002778   Number         4  air001xx_hal_cortex.o(.text.HAL_NVIC_EnableIRQ)
    [Anonymous Symbol]                       0x0800277c   Section        0  air001xx_hal_cortex.o(.text.HAL_NVIC_SetPriority)
    __arm_cp.0_0                             0x080027b4   Number         4  air001xx_hal_cortex.o(.text.HAL_NVIC_SetPriority)
    __arm_cp.0_1                             0x080027b8   Number         4  air001xx_hal_cortex.o(.text.HAL_NVIC_SetPriority)
    [Anonymous Symbol]                       0x080027bc   Section        0  air001xx_hal_rcc.o(.text.HAL_RCC_ClockConfig)
    __arm_cp.3_0                             0x080029b0   Number         4  air001xx_hal_rcc.o(.text.HAL_RCC_ClockConfig)
    __arm_cp.3_1                             0x080029b4   Number         4  air001xx_hal_rcc.o(.text.HAL_RCC_ClockConfig)
    __arm_cp.3_6                             0x080029b8   Number         4  air001xx_hal_rcc.o(.text.HAL_RCC_ClockConfig)
    __arm_cp.3_8                             0x080029bc   Number         4  air001xx_hal_rcc.o(.text.HAL_RCC_ClockConfig)
    [Anonymous Symbol]                       0x080029c0   Section        0  air001xx_hal_rcc.o(.text.HAL_RCC_GetPCLK1Freq)
    __arm_cp.6_0                             0x080029dc   Number         4  air001xx_hal_rcc.o(.text.HAL_RCC_GetPCLK1Freq)
    __arm_cp.6_2                             0x080029e0   Number         4  air001xx_hal_rcc.o(.text.HAL_RCC_GetPCLK1Freq)
    [Anonymous Symbol]                       0x080029e4   Section        0  air001xx_hal_rcc.o(.text.HAL_RCC_GetSysClockFreq)
    __arm_cp.2_0                             0x08002a60   Number         4  air001xx_hal_rcc.o(.text.HAL_RCC_GetSysClockFreq)
    __arm_cp.2_1                             0x08002a64   Number         4  air001xx_hal_rcc.o(.text.HAL_RCC_GetSysClockFreq)
    __arm_cp.2_2                             0x08002a68   Number         4  air001xx_hal_rcc.o(.text.HAL_RCC_GetSysClockFreq)
    __arm_cp.2_3                             0x08002a6c   Number         4  air001xx_hal_rcc.o(.text.HAL_RCC_GetSysClockFreq)
    [Anonymous Symbol]                       0x08002a70   Section        0  air001xx_hal_rcc.o(.text.HAL_RCC_OscConfig)
    __arm_cp.1_0                             0x08002f6c   Number         4  air001xx_hal_rcc.o(.text.HAL_RCC_OscConfig)
    __arm_cp.1_1                             0x08002f70   Number         4  air001xx_hal_rcc.o(.text.HAL_RCC_OscConfig)
    __arm_cp.1_2                             0x08002f74   Number         4  air001xx_hal_rcc.o(.text.HAL_RCC_OscConfig)
    __arm_cp.1_3                             0x08002f78   Number         4  air001xx_hal_rcc.o(.text.HAL_RCC_OscConfig)
    __arm_cp.1_4                             0x08002f7c   Number         4  air001xx_hal_rcc.o(.text.HAL_RCC_OscConfig)
    __arm_cp.1_5                             0x08002f80   Number         4  air001xx_hal_rcc.o(.text.HAL_RCC_OscConfig)
    __arm_cp.1_6                             0x08002f84   Number         4  air001xx_hal_rcc.o(.text.HAL_RCC_OscConfig)
    __arm_cp.1_7                             0x08002f88   Number         4  air001xx_hal_rcc.o(.text.HAL_RCC_OscConfig)
    __arm_cp.1_8                             0x08002f8c   Number         4  air001xx_hal_rcc.o(.text.HAL_RCC_OscConfig)
    __arm_cp.1_9                             0x08002f90   Number         4  air001xx_hal_rcc.o(.text.HAL_RCC_OscConfig)
    __arm_cp.1_10                            0x08002f94   Number         4  air001xx_hal_rcc.o(.text.HAL_RCC_OscConfig)
    __arm_cp.1_11                            0x08002f98   Number         4  air001xx_hal_rcc.o(.text.HAL_RCC_OscConfig)
    [Anonymous Symbol]                       0x08002f9c   Section        0  air001xx_hal_cortex.o(.text.HAL_SYSTICK_Config)
    __arm_cp.4_0                             0x08002fc4   Number         4  air001xx_hal_cortex.o(.text.HAL_SYSTICK_Config)
    __arm_cp.4_1                             0x08002fc8   Number         4  air001xx_hal_cortex.o(.text.HAL_SYSTICK_Config)
    __arm_cp.4_2                             0x08002fcc   Number         4  air001xx_hal_cortex.o(.text.HAL_SYSTICK_Config)
    [Anonymous Symbol]                       0x08002fd0   Section        0  air001xx_hal_uart.o(.text.HAL_UART_Init)
    [Anonymous Symbol]                       0x08003058   Section        0  air001xx_hal_uart.o(.text.HAL_UART_MspInit)
    [Anonymous Symbol]                       0x0800305c   Section        0  air001xx_hal_uart.o(.text.HAL_UART_Transmit)
    __arm_cp.7_0                             0x08003200   Number         4  air001xx_hal_uart.o(.text.HAL_UART_Transmit)
    [Anonymous Symbol]                       0x08003204   Section        0  air001xx_it.o(.text.HardFault_Handler)
    [Anonymous Symbol]                       0x08003206   Section        0  air001xx_it.o(.text.NMI_Handler)
    [Anonymous Symbol]                       0x08003208   Section        0  air001xx_it.o(.text.PendSV_Handler)
    [Anonymous Symbol]                       0x0800320a   Section        0  air001xx_it.o(.text.SVC_Handler)
    [Anonymous Symbol]                       0x0800320c   Section        0  air001xx_it.o(.text.SysTick_Handler)
    [Anonymous Symbol]                       0x08003214   Section        0  system_air001xx.o(.text.SystemInit)
    __arm_cp.1_0                             0x08003234   Number         4  system_air001xx.o(.text.SystemInit)
    __arm_cp.1_1                             0x08003238   Number         4  system_air001xx.o(.text.SystemInit)
    __arm_cp.1_2                             0x0800323c   Number         4  system_air001xx.o(.text.SystemInit)
    __arm_cp.1_3                             0x08003240   Number         4  system_air001xx.o(.text.SystemInit)
    UART_SetConfig                           0x08003245   Thumb Code   196  air001xx_hal_uart.o(.text.UART_SetConfig)
    [Anonymous Symbol]                       0x08003244   Section        0  air001xx_hal_uart.o(.text.UART_SetConfig)
    __arm_cp.2_0                             0x08003308   Number         4  air001xx_hal_uart.o(.text.UART_SetConfig)
    [Anonymous Symbol]                       0x0800330c   Section        0  core_list_join.o(.text.calc_func)
    [Anonymous Symbol]                       0x0800339c   Section        0  core_util.o(.text.check_data_types)
    [Anonymous Symbol]                       0x080033a0   Section        0  core_list_join.o(.text.core_bench_list)
    [Anonymous Symbol]                       0x080036c2   Section        0  core_matrix.o(.text.core_bench_matrix)
    [Anonymous Symbol]                       0x080036e2   Section        0  core_state.o(.text.core_bench_state)
    [Anonymous Symbol]                       0x08003818   Section        0  core_matrix.o(.text.core_init_matrix)
    __arm_cp.8_0                             0x0800389c   Number         4  core_matrix.o(.text.core_init_matrix)
    [Anonymous Symbol]                       0x080038a0   Section        0  core_state.o(.text.core_init_state)
    [Anonymous Symbol]                       0x08003954   Section        0  core_list_join.o(.text.core_list_init)
    __arm_cp.10_0                            0x08003b04   Number         4  core_list_join.o(.text.core_list_init)
    __arm_cp.10_1                            0x08003b08   Number         4  core_list_join.o(.text.core_list_init)
    __arm_cp.10_2                            0x08003b0c   Number         4  core_list_join.o(.text.core_list_init)
    [Anonymous Symbol]                       0x08003b10   Section        0  core_state.o(.text.core_state_transition)
    [Anonymous Symbol]                       0x08003d48   Section        0  core_main.o(.text.coremark_main)
    __arm_cp.1_47                            0x08004178   Number         4  core_main.o(.text.coremark_main)
    __arm_cp.1_1                             0x080041d0   Number         4  core_main.o(.text.coremark_main)
    __arm_cp.1_2                             0x080041d4   Number         4  core_main.o(.text.coremark_main)
    __arm_cp.1_3                             0x080041d8   Number         4  core_main.o(.text.coremark_main)
    __arm_cp.1_5                             0x0800420c   Number         4  core_main.o(.text.coremark_main)
    __arm_cp.1_6                             0x08004210   Number         4  core_main.o(.text.coremark_main)
    __arm_cp.1_7                             0x08004214   Number         4  core_main.o(.text.coremark_main)
    __arm_cp.1_8                             0x08004218   Number         4  core_main.o(.text.coremark_main)
    __arm_cp.1_9                             0x0800421c   Number         4  core_main.o(.text.coremark_main)
    __arm_cp.1_10                            0x08004220   Number         4  core_main.o(.text.coremark_main)
    __arm_cp.1_11                            0x08004224   Number         4  core_main.o(.text.coremark_main)
    __arm_cp.1_13                            0x08004254   Number         4  core_main.o(.text.coremark_main)
    __arm_cp.1_14                            0x08004258   Number         4  core_main.o(.text.coremark_main)
    __arm_cp.1_16                            0x08004288   Number         4  core_main.o(.text.coremark_main)
    __arm_cp.1_17                            0x0800428c   Number         4  core_main.o(.text.coremark_main)
    __arm_cp.1_18                            0x08004290   Number         4  core_main.o(.text.coremark_main)
    __arm_cp.1_19                            0x08004294   Number         4  core_main.o(.text.coremark_main)
    __arm_cp.1_20                            0x08004298   Number         4  core_main.o(.text.coremark_main)
    __arm_cp.1_21                            0x0800429c   Number         4  core_main.o(.text.coremark_main)
    __arm_cp.1_22                            0x080042a0   Number         4  core_main.o(.text.coremark_main)
    __arm_cp.1_23                            0x080042a4   Number         4  core_main.o(.text.coremark_main)
    __arm_cp.1_24                            0x080042a8   Number         4  core_main.o(.text.coremark_main)
    __arm_cp.1_25                            0x080042ac   Number         4  core_main.o(.text.coremark_main)
    __arm_cp.1_26                            0x080042b0   Number         4  core_main.o(.text.coremark_main)
    __arm_cp.1_27                            0x080042b4   Number         4  core_main.o(.text.coremark_main)
    __arm_cp.1_28                            0x080042b8   Number         4  core_main.o(.text.coremark_main)
    __arm_cp.1_29                            0x080042bc   Number         4  core_main.o(.text.coremark_main)
    __arm_cp.1_30                            0x080042c0   Number         4  core_main.o(.text.coremark_main)
    __arm_cp.1_31                            0x080042c4   Number         4  core_main.o(.text.coremark_main)
    __arm_cp.1_32                            0x080042c8   Number         4  core_main.o(.text.coremark_main)
    __arm_cp.1_33                            0x080042cc   Number         4  core_main.o(.text.coremark_main)
    __arm_cp.1_34                            0x080042d0   Number         4  core_main.o(.text.coremark_main)
    __arm_cp.1_35                            0x080042d4   Number         4  core_main.o(.text.coremark_main)
    __arm_cp.1_36                            0x080042d8   Number         4  core_main.o(.text.coremark_main)
    __arm_cp.1_37                            0x080042dc   Number         4  core_main.o(.text.coremark_main)
    __arm_cp.1_38                            0x080042e0   Number         4  core_main.o(.text.coremark_main)
    __arm_cp.1_39                            0x080042e4   Number         4  core_main.o(.text.coremark_main)
    __arm_cp.1_40                            0x080042e8   Number         4  core_main.o(.text.coremark_main)
    __arm_cp.1_41                            0x080042ec   Number         4  core_main.o(.text.coremark_main)
    __arm_cp.1_42                            0x080042f0   Number         4  core_main.o(.text.coremark_main)
    __arm_cp.1_43                            0x080042f4   Number         4  core_main.o(.text.coremark_main)
    __arm_cp.1_44                            0x080042f8   Number         4  core_main.o(.text.coremark_main)
    __arm_cp.1_45                            0x080042fc   Number         4  core_main.o(.text.coremark_main)
    [Anonymous Symbol]                       0x08004304   Section        0  core_util.o(.text.crc16)
    [Anonymous Symbol]                       0x08004310   Section        0  core_util.o(.text.crcu16)
    __arm_cp.2_0                             0x080043fc   Number         4  core_util.o(.text.crcu16)
    __arm_cp.2_1                             0x08004400   Number         4  core_util.o(.text.crcu16)
    [Anonymous Symbol]                       0x08004404   Section        0  core_util.o(.text.crcu32)
    [Anonymous Symbol]                       0x08004418   Section        0  ee_printf.o(.text.ee_printf)
    __arm_cp.0_0                             0x08004454   Number         4  ee_printf.o(.text.ee_printf)
    [Anonymous Symbol]                       0x08004458   Section        0  core_util.o(.text.get_seed_32)
    [Anonymous Symbol]                       0x08004480   Section        0  core_portme.o(.text.get_time)
    __arm_cp.2_0                             0x0800448c   Number         4  core_portme.o(.text.get_time)
    [Anonymous Symbol]                       0x08004490   Section        0  core_main.o(.text.iterate)
    __arm_cp.0_0                             0x080044f4   Number         4  core_main.o(.text.iterate)
    [Anonymous Symbol]                       0x080044f8   Section        0  main.o(.text.main)
    __arm_cp.0_0                             0x0800458c   Number         4  main.o(.text.main)
    __arm_cp.0_1                             0x08004590   Number         4  main.o(.text.main)
    [Anonymous Symbol]                       0x08004614   Section        0  core_matrix.o(.text.matrix_test)
    __arm_cp.1_0                             0x080048d4   Number         4  core_matrix.o(.text.matrix_test)
    [Anonymous Symbol]                       0x080048d8   Section        0  core_portme.o(.text.portable_fini)
    [Anonymous Symbol]                       0x080048de   Section        0  core_portme.o(.text.portable_init)
    [Anonymous Symbol]                       0x080048e4   Section        0  core_portme.o(.text.start_time)
    [Anonymous Symbol]                       0x080048f0   Section        0  core_portme.o(.text.stop_time)
    __arm_cp.1_0                             0x080048fc   Number         4  core_portme.o(.text.stop_time)
    .text_divfast                            0x08004900   Section      502  aeabi_sdivfast.o(.text_divfast)
    i.__ARM_common_ll_muluu                  0x08004af6   Section        0  btod.o(i.__ARM_common_ll_muluu)
    i.__ARM_fpclassify                       0x08004b28   Section        0  fpclassify.o(i.__ARM_fpclassify)
    i._dgeq                                  0x08004b54   Section        0  dcmp.o(i._dgeq)
    i._dleq                                  0x08004b6a   Section        0  dcmp.o(i._dleq)
    i._fgeq                                  0x08004b84   Section        0  fcmp.o(i._fgeq)
    i._is_digit                              0x08004b9a   Section        0  __printf_wp.o(i._is_digit)
    locale$$code                             0x08004ba8   Section       44  lc_numeric_c.o(locale$$code)
    locale$$code                             0x08004bd4   Section       44  lc_ctype_c.o(locale$$code)
    x$fpl$dgeqf                              0x08004c00   Section      100  dgef.o(x$fpl$dgeqf)
    x$fpl$dleqf                              0x08004c64   Section      100  dlef.o(x$fpl$dleqf)
    x$fpl$fgeqf                              0x08004cc8   Section       84  fgef.o(x$fpl$fgeqf)
    x$fpl$printf1                            0x08004d1c   Section       16  printf1.o(x$fpl$printf1)
    x$fpl$printf2                            0x08004d2c   Section       16  printf2.o(x$fpl$printf2)
    ddiv_reciptbl                            0x08004d3c   Data         128  ddiv.o(.constdata)
    .constdata                               0x08004d3c   Section      128  ddiv.o(.constdata)
    x$fpl$usenofp                            0x08004d3c   Section        0  usenofp.o(x$fpl$usenofp)
    initial_mbstate                          0x08004dbc   Data           8  _printf_wctomb.o(.constdata)
    .constdata                               0x08004dbc   Section        8  _printf_wctomb.o(.constdata)
    uc_hextab                                0x08004dc4   Data          20  _printf_hex_int_ll_ptr.o(.constdata)
    .constdata                               0x08004dc4   Section       40  _printf_hex_int_ll_ptr.o(.constdata)
    lc_hextab                                0x08004dd8   Data          20  _printf_hex_int_ll_ptr.o(.constdata)
    maptable                                 0x08004dec   Data          17  __printf_flags_ss_wp.o(.constdata)
    .constdata                               0x08004dec   Section       17  __printf_flags_ss_wp.o(.constdata)
    lc_hextab                                0x08004dfd   Data          19  _printf_fp_hex.o(.constdata)
    .constdata                               0x08004dfd   Section       38  _printf_fp_hex.o(.constdata)
    uc_hextab                                0x08004e10   Data          19  _printf_fp_hex.o(.constdata)
    tenpwrs_x                                0x08004e24   Data          60  bigflt0.o(.constdata)
    .constdata                               0x08004e24   Section      148  bigflt0.o(.constdata)
    tenpwrs_i                                0x08004e60   Data          64  bigflt0.o(.constdata)
    [Anonymous Symbol]                       0x08004eb8   Section        0  air001xx_hal_rcc.o(.rodata..L__const.HAL_RCC_GetSysClockFreq.hsiValue)
    errpat                                   0x08004f4c   Data          16  core_state.o(.rodata.errpat)
    [Anonymous Symbol]                       0x08004f4c   Section        0  core_state.o(.rodata.errpat)
    floatpat                                 0x08004f5c   Data          16  core_state.o(.rodata.floatpat)
    [Anonymous Symbol]                       0x08004f5c   Section        0  core_state.o(.rodata.floatpat)
    intpat                                   0x08004f6c   Data          16  core_state.o(.rodata.intpat)
    [Anonymous Symbol]                       0x08004f6c   Section        0  core_state.o(.rodata.intpat)
    list_known_crc                           0x08004f7c   Data          10  core_main.o(.rodata.list_known_crc)
    [Anonymous Symbol]                       0x08004f7c   Section        0  core_main.o(.rodata.list_known_crc)
    matrix_known_crc                         0x08004f86   Data          10  core_main.o(.rodata.matrix_known_crc)
    [Anonymous Symbol]                       0x08004f86   Section        0  core_main.o(.rodata.matrix_known_crc)
    scipat                                   0x08004f90   Data          16  core_state.o(.rodata.scipat)
    [Anonymous Symbol]                       0x08004f90   Section        0  core_state.o(.rodata.scipat)
    state_known_crc                          0x08004fa0   Data          10  core_main.o(.rodata.state_known_crc)
    [Anonymous Symbol]                       0x08004fa0   Section        0  core_main.o(.rodata.state_known_crc)
    [Anonymous Symbol]                       0x08004faa   Section        0  core_main.o(.rodata.str1.1)
    [Anonymous Symbol]                       0x0800536a   Section        0  core_state.o(.rodata.str1.1)
    locale$$data                             0x0800540c   Section       28  lc_numeric_c.o(locale$$data)
    __lcnum_c_name                           0x08005410   Data           2  lc_numeric_c.o(locale$$data)
    __lcnum_c_start                          0x08005418   Data           0  lc_numeric_c.o(locale$$data)
    __lcnum_c_point                          0x08005424   Data           0  lc_numeric_c.o(locale$$data)
    __lcnum_c_thousands                      0x08005426   Data           0  lc_numeric_c.o(locale$$data)
    __lcnum_c_grouping                       0x08005427   Data           0  lc_numeric_c.o(locale$$data)
    __lcnum_c_end                            0x08005428   Data           0  lc_numeric_c.o(locale$$data)
    locale$$data                             0x08005428   Section      272  lc_ctype_c.o(locale$$data)
    __lcctype_c_name                         0x0800542c   Data           2  lc_ctype_c.o(locale$$data)
    __lcctype_c_start                        0x08005434   Data           0  lc_ctype_c.o(locale$$data)
    __lcctype_c_end                          0x08005538   Data           0  lc_ctype_c.o(locale$$data)
    [Anonymous Symbol]                       0x20000000   Section        0  air001xx_hal.o(.data..L_MergedGlobals)
    .bss                                     0x20000018   Section       96  libspace.o(.bss)
    start_time_val                           0x20000078   Data           4  core_portme.o(.bss..L_MergedGlobals)
    [Anonymous Symbol]                       0x20000078   Section        0  core_portme.o(.bss..L_MergedGlobals)
    stop_time_val                            0x2000007c   Data           4  core_portme.o(.bss..L_MergedGlobals)
    Heap_Mem                                 0x200008b0   Data           0  startup_air001_dev.o(HEAP)
    Stack_Mem                                0x200008b0   Data        1024  startup_air001_dev.o(STACK)
    HEAP                                     0x200008b0   Section        0  startup_air001_dev.o(HEAP)
    STACK                                    0x200008b0   Section     1024  startup_air001_dev.o(STACK)
    __initial_sp                             0x20000cb0   Data           0  startup_air001_dev.o(STACK)

    Global Symbols

    Symbol Name                              Value     Ov Type        Size  Object(Section)

    BuildAttributes$$THM_ISAv3M$S$PE$A:L22$X:L11$S22$IEEE1$IW$~IW$USESV6$~STKCKD$USESV7$~SHL$OTIME$ROPI$IEEEJ$EBA8$UX$STANDARDLIB$REQ8$PRES8$EABIv2 0x00000000   Number         0  anon$$obj.o ABSOLUTE
    _printf_flags                            0x00000000   Number         0  printf_stubs.o ABSOLUTE
    _printf_return_value                     0x00000000   Number         0  printf_stubs.o ABSOLUTE
    _printf_sizespec                         0x00000000   Number         0  printf_stubs.o ABSOLUTE
    _printf_widthprec                        0x00000000   Number         0  printf_stubs.o ABSOLUTE
    __ARM_exceptions_init                     - Undefined Weak Reference
    __alloca_initialize                       - Undefined Weak Reference
    __arm_preinit_                            - Undefined Weak Reference
    __cpp_initialize__aeabi_                  - Undefined Weak Reference
    __cxa_finalize                            - Undefined Weak Reference
    __sigvec_lookup                           - Undefined Weak Reference
    _atexit_init                              - Undefined Weak Reference
    _call_atexit_fns                          - Undefined Weak Reference
    _clock_init                               - Undefined Weak Reference
    _fp_trap_init                             - Undefined Weak Reference
    _fp_trap_shutdown                         - Undefined Weak Reference
    _get_lc_collate                           - Undefined Weak Reference
    _get_lc_monetary                          - Undefined Weak Reference
    _get_lc_time                              - Undefined Weak Reference
    _getenv_init                              - Undefined Weak Reference
    _handle_redirection                       - Undefined Weak Reference
    _init_alloc                               - Undefined Weak Reference
    _init_user_alloc                          - Undefined Weak Reference
    _initio                                   - Undefined Weak Reference
    _printf_mbtowc                            - Undefined Weak Reference
    _printf_wc                                - Undefined Weak Reference
    _rand_init                                - Undefined Weak Reference
    _signal_finish                            - Undefined Weak Reference
    _signal_init                              - Undefined Weak Reference
    _terminate_alloc                          - Undefined Weak Reference
    _terminate_user_alloc                     - Undefined Weak Reference
    _terminateio                              - Undefined Weak Reference
    __Vectors_Size                           0x000000c0   Number         0  startup_air001_dev.o ABSOLUTE
    __Vectors                                0x08000000   Data           4  startup_air001_dev.o(RESET)
    __Vectors_End                            0x080000c0   Data           0  startup_air001_dev.o(RESET)
    __main                                   0x080000c1   Thumb Code     8  __main.o(!!!main)
    __scatterload                            0x080000c9   Thumb Code     0  __scatter.o(!!!scatter)
    __scatterload_rt2                        0x080000c9   Thumb Code    52  __scatter.o(!!!scatter)
    __scatterload_rt2_thumb_only             0x080000c9   Thumb Code     0  __scatter.o(!!!scatter)
    __scatterload_null                       0x080000d9   Thumb Code     0  __scatter.o(!!!scatter)
    __scatterload_copy                       0x08000105   Thumb Code    26  __scatter_copy.o(!!handler_copy)
    __scatterload_zeroinit                   0x08000121   Thumb Code    28  __scatter_zi.o(!!handler_zi)
    _printf_percent                          0x0800013d   Thumb Code     0  _printf_percent.o(.ARM.Collect$$_printf_percent$$00000000)
    _printf_n                                0x0800013f   Thumb Code     0  _printf_n.o(.ARM.Collect$$_printf_percent$$00000001)
    _printf_p                                0x08000149   Thumb Code     0  _printf_p.o(.ARM.Collect$$_printf_percent$$00000002)
    _printf_f                                0x08000153   Thumb Code     0  _printf_f.o(.ARM.Collect$$_printf_percent$$00000003)
    _printf_e                                0x0800015d   Thumb Code     0  _printf_e.o(.ARM.Collect$$_printf_percent$$00000004)
    _printf_g                                0x08000167   Thumb Code     0  _printf_g.o(.ARM.Collect$$_printf_percent$$00000005)
    _printf_a                                0x08000171   Thumb Code     0  _printf_a.o(.ARM.Collect$$_printf_percent$$00000006)
    _printf_ll                               0x0800017b   Thumb Code     0  _printf_ll.o(.ARM.Collect$$_printf_percent$$00000007)
    _printf_i                                0x08000185   Thumb Code     0  _printf_i.o(.ARM.Collect$$_printf_percent$$00000008)
    _printf_d                                0x0800018f   Thumb Code     0  _printf_d.o(.ARM.Collect$$_printf_percent$$00000009)
    _printf_u                                0x08000199   Thumb Code     0  _printf_u.o(.ARM.Collect$$_printf_percent$$0000000A)
    _printf_o                                0x080001a3   Thumb Code     0  _printf_o.o(.ARM.Collect$$_printf_percent$$0000000B)
    _printf_x                                0x080001ad   Thumb Code     0  _printf_x.o(.ARM.Collect$$_printf_percent$$0000000C)
    _printf_lli                              0x080001b7   Thumb Code     0  _printf_lli.o(.ARM.Collect$$_printf_percent$$0000000D)
    _printf_lld                              0x080001c1   Thumb Code     0  _printf_lld.o(.ARM.Collect$$_printf_percent$$0000000E)
    _printf_llu                              0x080001cb   Thumb Code     0  _printf_llu.o(.ARM.Collect$$_printf_percent$$0000000F)
    _printf_llo                              0x080001d5   Thumb Code     0  _printf_llo.o(.ARM.Collect$$_printf_percent$$00000010)
    _printf_llx                              0x080001df   Thumb Code     0  _printf_llx.o(.ARM.Collect$$_printf_percent$$00000011)
    _printf_l                                0x080001e9   Thumb Code     0  _printf_l.o(.ARM.Collect$$_printf_percent$$00000012)
    _printf_c                                0x080001f3   Thumb Code     0  _printf_c.o(.ARM.Collect$$_printf_percent$$00000013)
    _printf_s                                0x080001fd   Thumb Code     0  _printf_s.o(.ARM.Collect$$_printf_percent$$00000014)
    _printf_lc                               0x08000207   Thumb Code     0  _printf_lc.o(.ARM.Collect$$_printf_percent$$00000015)
    _printf_ls                               0x08000211   Thumb Code     0  _printf_ls.o(.ARM.Collect$$_printf_percent$$00000016)
    _printf_percent_end                      0x0800021b   Thumb Code     0  _printf_percent_end.o(.ARM.Collect$$_printf_percent$$00000017)
    __rt_lib_init                            0x0800021f   Thumb Code     0  libinit.o(.ARM.Collect$$libinit$$00000000)
    __rt_lib_init_fp_1                       0x08000221   Thumb Code     0  libinit2.o(.ARM.Collect$$libinit$$00000002)
    __rt_lib_init_heap_1                     0x08000221   Thumb Code     0  libinit2.o(.ARM.Collect$$libinit$$0000000A)
    __rt_lib_init_lc_common                  0x08000221   Thumb Code     0  libinit2.o(.ARM.Collect$$libinit$$0000000F)
    __rt_lib_init_preinit_1                  0x08000221   Thumb Code     0  libinit2.o(.ARM.Collect$$libinit$$00000004)
    __rt_lib_init_rand_1                     0x08000221   Thumb Code     0  libinit2.o(.ARM.Collect$$libinit$$0000000E)
    __rt_lib_init_user_alloc_1               0x08000221   Thumb Code     0  libinit2.o(.ARM.Collect$$libinit$$0000000C)
    __rt_lib_init_lc_collate_1               0x08000227   Thumb Code     0  libinit2.o(.ARM.Collect$$libinit$$00000011)
    __rt_lib_init_lc_ctype_2                 0x08000227   Thumb Code     0  libinit2.o(.ARM.Collect$$libinit$$00000012)
    __rt_lib_init_lc_ctype_1                 0x08000233   Thumb Code     0  libinit2.o(.ARM.Collect$$libinit$$00000013)
    __rt_lib_init_lc_monetary_1              0x08000233   Thumb Code     0  libinit2.o(.ARM.Collect$$libinit$$00000015)
    __rt_lib_init_lc_numeric_2               0x08000233   Thumb Code     0  libinit2.o(.ARM.Collect$$libinit$$00000016)
    __rt_lib_init_alloca_1                   0x0800023d   Thumb Code     0  libinit2.o(.ARM.Collect$$libinit$$0000002E)
    __rt_lib_init_argv_1                     0x0800023d   Thumb Code     0  libinit2.o(.ARM.Collect$$libinit$$0000002C)
    __rt_lib_init_atexit_1                   0x0800023d   Thumb Code     0  libinit2.o(.ARM.Collect$$libinit$$0000001B)
    __rt_lib_init_clock_1                    0x0800023d   Thumb Code     0  libinit2.o(.ARM.Collect$$libinit$$00000021)
    __rt_lib_init_cpp_1                      0x0800023d   Thumb Code     0  libinit2.o(.ARM.Collect$$libinit$$00000032)
    __rt_lib_init_exceptions_1               0x0800023d   Thumb Code     0  libinit2.o(.ARM.Collect$$libinit$$00000030)
    __rt_lib_init_fp_trap_1                  0x0800023d   Thumb Code     0  libinit2.o(.ARM.Collect$$libinit$$0000001F)
    __rt_lib_init_getenv_1                   0x0800023d   Thumb Code     0  libinit2.o(.ARM.Collect$$libinit$$00000023)
    __rt_lib_init_lc_numeric_1               0x0800023d   Thumb Code     0  libinit2.o(.ARM.Collect$$libinit$$00000017)
    __rt_lib_init_lc_time_1                  0x0800023d   Thumb Code     0  libinit2.o(.ARM.Collect$$libinit$$00000019)
    __rt_lib_init_return                     0x0800023d   Thumb Code     0  libinit2.o(.ARM.Collect$$libinit$$00000033)
    __rt_lib_init_signal_1                   0x0800023d   Thumb Code     0  libinit2.o(.ARM.Collect$$libinit$$0000001D)
    __rt_lib_init_stdio_1                    0x0800023d   Thumb Code     0  libinit2.o(.ARM.Collect$$libinit$$00000025)
    __rt_lib_shutdown                        0x0800023f   Thumb Code     0  libshutdown.o(.ARM.Collect$$libshutdown$$00000000)
    __rt_lib_shutdown_cpp_1                  0x08000241   Thumb Code     0  libshutdown2.o(.ARM.Collect$$libshutdown$$00000002)
    __rt_lib_shutdown_fp_trap_1              0x08000241   Thumb Code     0  libshutdown2.o(.ARM.Collect$$libshutdown$$00000007)
    __rt_lib_shutdown_heap_1                 0x08000241   Thumb Code     0  libshutdown2.o(.ARM.Collect$$libshutdown$$0000000F)
    __rt_lib_shutdown_return                 0x08000241   Thumb Code     0  libshutdown2.o(.ARM.Collect$$libshutdown$$00000010)
    __rt_lib_shutdown_signal_1               0x08000241   Thumb Code     0  libshutdown2.o(.ARM.Collect$$libshutdown$$0000000A)
    __rt_lib_shutdown_stdio_1                0x08000241   Thumb Code     0  libshutdown2.o(.ARM.Collect$$libshutdown$$00000004)
    __rt_lib_shutdown_user_alloc_1           0x08000241   Thumb Code     0  libshutdown2.o(.ARM.Collect$$libshutdown$$0000000C)
    __rt_entry                               0x08000243   Thumb Code     0  __rtentry.o(.ARM.Collect$$rtentry$$00000000)
    __rt_entry_presh_1                       0x08000243   Thumb Code     0  __rtentry2.o(.ARM.Collect$$rtentry$$00000002)
    __rt_entry_sh                            0x08000243   Thumb Code     0  __rtentry4.o(.ARM.Collect$$rtentry$$00000004)
    __rt_entry_li                            0x08000249   Thumb Code     0  __rtentry2.o(.ARM.Collect$$rtentry$$0000000A)
    __rt_entry_postsh_1                      0x08000249   Thumb Code     0  __rtentry2.o(.ARM.Collect$$rtentry$$00000009)
    __rt_entry_main                          0x0800024d   Thumb Code     0  __rtentry2.o(.ARM.Collect$$rtentry$$0000000D)
    __rt_entry_postli_1                      0x0800024d   Thumb Code     0  __rtentry2.o(.ARM.Collect$$rtentry$$0000000C)
    __rt_exit                                0x08000255   Thumb Code     0  rtexit.o(.ARM.Collect$$rtexit$$00000000)
    __rt_exit_ls                             0x08000257   Thumb Code     0  rtexit2.o(.ARM.Collect$$rtexit$$00000003)
    __rt_exit_prels_1                        0x08000257   Thumb Code     0  rtexit2.o(.ARM.Collect$$rtexit$$00000002)
    __rt_exit_exit                           0x0800025b   Thumb Code     0  rtexit2.o(.ARM.Collect$$rtexit$$00000004)
    Reset_Handler                            0x08000261   Thumb Code     8  startup_air001_dev.o(.text)
    ADC_COMP_IRQHandler                      0x08000273   Thumb Code     0  startup_air001_dev.o(.text)
    DMA1_Channel1_IRQHandler                 0x08000273   Thumb Code     0  startup_air001_dev.o(.text)
    DMA1_Channel2_3_IRQHandler               0x08000273   Thumb Code     0  startup_air001_dev.o(.text)
    EXTI0_1_IRQHandler                       0x08000273   Thumb Code     0  startup_air001_dev.o(.text)
    EXTI2_3_IRQHandler                       0x08000273   Thumb Code     0  startup_air001_dev.o(.text)
    EXTI4_15_IRQHandler                      0x08000273   Thumb Code     0  startup_air001_dev.o(.text)
    FLASH_IRQHandler                         0x08000273   Thumb Code     0  startup_air001_dev.o(.text)
    I2C1_IRQHandler                          0x08000273   Thumb Code     0  startup_air001_dev.o(.text)
    LED_IRQHandler                           0x08000273   Thumb Code     0  startup_air001_dev.o(.text)
    LPTIM1_IRQHandler                        0x08000273   Thumb Code     0  startup_air001_dev.o(.text)
    PVD_IRQHandler                           0x08000273   Thumb Code     0  startup_air001_dev.o(.text)
    RCC_IRQHandler                           0x08000273   Thumb Code     0  startup_air001_dev.o(.text)
    RTC_IRQHandler                           0x08000273   Thumb Code     0  startup_air001_dev.o(.text)
    SPI1_IRQHandler                          0x08000273   Thumb Code     0  startup_air001_dev.o(.text)
    SPI2_IRQHandler                          0x08000273   Thumb Code     0  startup_air001_dev.o(.text)
    TIM14_IRQHandler                         0x08000273   Thumb Code     0  startup_air001_dev.o(.text)
    TIM16_IRQHandler                         0x08000273   Thumb Code     0  startup_air001_dev.o(.text)
    TIM17_IRQHandler                         0x08000273   Thumb Code     0  startup_air001_dev.o(.text)
    TIM1_BRK_UP_TRG_COM_IRQHandler           0x08000273   Thumb Code     0  startup_air001_dev.o(.text)
    TIM1_CC_IRQHandler                       0x08000273   Thumb Code     0  startup_air001_dev.o(.text)
    TIM3_IRQHandler                          0x08000273   Thumb Code     0  startup_air001_dev.o(.text)
    USART1_IRQHandler                        0x08000273   Thumb Code     0  startup_air001_dev.o(.text)
    USART2_IRQHandler                        0x08000273   Thumb Code     0  startup_air001_dev.o(.text)
    WWDG_IRQHandler                          0x08000273   Thumb Code     0  startup_air001_dev.o(.text)
    __user_initial_stackheap                 0x08000275   Thumb Code     0  startup_air001_dev.o(.text)
    vsnprintf                                0x08000295   Thumb Code    50  vsnprintf.o(.text)
    _memset_w                                0x080002cd   Thumb Code    26  rt_memclr.o(.text)
    _memset                                  0x080002e7   Thumb Code    30  rt_memclr.o(.text)
    __aeabi_memclr                           0x08000305   Thumb Code     4  rt_memclr.o(.text)
    __rt_memclr                              0x08000305   Thumb Code     0  rt_memclr.o(.text)
    __aeabi_memclr4                          0x08000309   Thumb Code     0  rt_memclr.o(.text)
    __aeabi_memclr8                          0x08000309   Thumb Code     0  rt_memclr.o(.text)
    __rt_memclr_w                            0x08000309   Thumb Code     4  rt_memclr.o(.text)
    __aeabi_uidivmod                         0x0800030d   Thumb Code    28  aeabi_sdivfast.o(.text)
    __aeabi_idivmod                          0x08000329   Thumb Code   472  aeabi_sdivfast.o(.text)
    __use_two_region_memory                  0x08000505   Thumb Code     2  heapauxi.o(.text)
    __rt_heap_escrow$2region                 0x08000507   Thumb Code     2  heapauxi.o(.text)
    __rt_heap_expand$2region                 0x08000509   Thumb Code     2  heapauxi.o(.text)
    __aeabi_d2f                              0x0800050d   Thumb Code     0  d2f.o(.text)
    _d2f                                     0x0800050d   Thumb Code   120  d2f.o(.text)
    __aeabi_ddiv                             0x08000589   Thumb Code     0  ddiv.o(.text)
    _ddiv                                    0x08000589   Thumb Code  1072  ddiv.o(.text)
    _drdiv                                   0x080009b9   Thumb Code    20  ddiv.o(.text)
    __aeabi_i2d_normalise                    0x080009d1   Thumb Code    66  dflti.o(.text)
    __aeabi_i2d                              0x08000a13   Thumb Code    16  dflti.o(.text)
    _dflt                                    0x08000a13   Thumb Code     0  dflti.o(.text)
    __aeabi_ui2d                             0x08000a23   Thumb Code     6  dflti.o(.text)
    _dfltu                                   0x08000a23   Thumb Code     0  dflti.o(.text)
    __aeabi_dmul                             0x08000a29   Thumb Code     0  dmul.o(.text)
    _dmul                                    0x08000a29   Thumb Code   558  dmul.o(.text)
    __aeabi_f2uiz                            0x08000c71   Thumb Code     0  ffixui.o(.text)
    _ffixu                                   0x08000c71   Thumb Code    48  ffixui.o(.text)
    _printf_pre_padding                      0x08000ca1   Thumb Code    44  _printf_pad.o(.text)
    _printf_post_padding                     0x08000ccd   Thumb Code    34  _printf_pad.o(.text)
    _printf_truncate_signed                  0x08000cef   Thumb Code    18  _printf_truncate.o(.text)
    _printf_truncate_unsigned                0x08000d01   Thumb Code    18  _printf_truncate.o(.text)
    _printf_str                              0x08000d13   Thumb Code    82  _printf_str.o(.text)
    _printf_int_dec                          0x08000d65   Thumb Code    90  _printf_dec.o(.text)
    _printf_charcount                        0x08000dd1   Thumb Code    38  _printf_charcount.o(.text)
    _printf_char_common                      0x08000e03   Thumb Code    32  _printf_char_common.o(.text)
    _sputc                                   0x08000e29   Thumb Code    10  _sputc.o(.text)
    _snputc                                  0x08000e33   Thumb Code    16  _snputc.o(.text)
    _printf_wctomb                           0x08000e45   Thumb Code   182  _printf_wctomb.o(.text)
    _printf_longlong_dec                     0x08000f01   Thumb Code    94  _printf_longlong_dec.o(.text)
    _printf_longlong_oct                     0x08000f71   Thumb Code    68  _printf_oct_int_ll.o(.text)
    _printf_int_oct                          0x08000fb5   Thumb Code    24  _printf_oct_int_ll.o(.text)
    _printf_ll_oct                           0x08000fcd   Thumb Code    10  _printf_oct_int_ll.o(.text)
    _printf_longlong_hex                     0x08000fe1   Thumb Code    88  _printf_hex_int_ll_ptr.o(.text)
    _printf_int_hex                          0x08001039   Thumb Code    28  _printf_hex_int_ll_ptr.o(.text)
    _printf_ll_hex                           0x08001055   Thumb Code    10  _printf_hex_int_ll_ptr.o(.text)
    _printf_hex_ptr                          0x0800105f   Thumb Code    22  _printf_hex_int_ll_ptr.o(.text)
    __printf                                 0x08001079   Thumb Code   386  __printf_flags_ss_wp.o(.text)
    _ll_udiv10                               0x08001201   Thumb Code   122  lludiv10.o(.text)
    _printf_int_common                       0x0800127b   Thumb Code   176  _printf_intcommon.o(.text)
    _printf_fp_dec_real                      0x080014c9   Thumb Code   620  _printf_fp_dec.o(.text)
    _printf_fp_hex_real                      0x08001741   Thumb Code   718  _printf_fp_hex.o(.text)
    _printf_cs_common                        0x08001a19   Thumb Code    22  _printf_char.o(.text)
    _printf_char                             0x08001a2f   Thumb Code    16  _printf_char.o(.text)
    _printf_string                           0x08001a3f   Thumb Code     8  _printf_char.o(.text)
    _printf_lcs_common                       0x08001a47   Thumb Code    22  _printf_wchar.o(.text)
    _printf_wchar                            0x08001a5d   Thumb Code    16  _printf_wchar.o(.text)
    _printf_wstring                          0x08001a6d   Thumb Code     8  _printf_wchar.o(.text)
    _c16rtomb                                0x08001a75   Thumb Code    66  _c16rtomb.o(.text)
    _wcrtomb                                 0x08001a75   Thumb Code     0  _c16rtomb.o(.text)
    __rt_udiv10                              0x08001ab7   Thumb Code    40  rtudiv10.o(.text)
    __fpl_dcmp_InfNaN                        0x08001ae1   Thumb Code   154  dcmpin.o(.text)
    __fpl_fcmp_InfNaN                        0x08001b81   Thumb Code    96  fcmpin.o(.text)
    __user_setup_stackheap                   0x08001be5   Thumb Code    62  sys_stackheap_outer.o(.text)
    __rt_ctype_table                         0x08001c25   Thumb Code    16  rt_ctype_table.o(.text)
    __rt_locale                              0x08001c35   Thumb Code     8  rt_locale_intlibspace.o(.text)
    _printf_fp_infnan                        0x08001c3d   Thumb Code   120  _printf_fp_infnan.o(.text)
    _btod_etento                             0x08001cc5   Thumb Code   210  bigflt0.o(.text)
    _btod_d2e                                0x08001d9d   Thumb Code    64  btod.o(.text)
    _btod_emul                               0x080021d1   Thumb Code    28  btod.o(.text)
    _btod_emuld                              0x080021ed   Thumb Code   144  btod.o(.text)
    _btod_ediv                               0x0800227d   Thumb Code    26  btod.o(.text)
    _btod_edivd                              0x08002297   Thumb Code   124  btod.o(.text)
    exit                                     0x0800231d   Thumb Code    16  exit.o(.text)
    __fpl_cmpreturn                          0x0800232d   Thumb Code    46  cmpret.o(.text)
    __fpl_dcheck_NaN2                        0x0800235d   Thumb Code    14  dnan2.o(.text)
    __fpl_fcheck_NaN2                        0x08002371   Thumb Code    10  fnan2.o(.text)
    __user_libspace                          0x08002381   Thumb Code     8  libspace.o(.text)
    __user_perproc_libspace                  0x08002381   Thumb Code     0  libspace.o(.text)
    __user_perthread_libspace                0x08002381   Thumb Code     0  libspace.o(.text)
    strcmp                                   0x08002389   Thumb Code   176  strcmpv6m.o(.text)
    __fpl_return_NaN                         0x08002439   Thumb Code    94  retnan.o(.text)
    _sys_exit                                0x08002499   Thumb Code     8  sys_exit.o(.text)
    __I$use$semihosting                      0x080024a5   Thumb Code     0  use_no_semi.o(.text)
    __use_no_semihosting_swi                 0x080024a5   Thumb Code     2  use_no_semi.o(.text)
    __semihosting_library_function           0x080024a7   Thumb Code     0  indicate_semi.o(.text)
    BSP_USART_Config                         0x080024a9   Thumb Code   152  air001_core_board.o(.text.BSP_USART_Config)
    HAL_Delay                                0x0800254d   Thumb Code    32  air001xx_hal.o(.text.HAL_Delay)
    HAL_GPIO_Init                            0x0800256d   Thumb Code   348  air001xx_hal_gpio.o(.text.HAL_GPIO_Init)
    HAL_GetTick                              0x080026d9   Thumb Code     8  air001xx_hal.o(.text.HAL_GetTick)
    HAL_IncTick                              0x080026e1   Thumb Code    16  air001xx_hal.o(.text.HAL_IncTick)
    HAL_Init                                 0x080026f5   Thumb Code    24  air001xx_hal.o(.text.HAL_Init)
    HAL_InitTick                             0x0800270d   Thumb Code    64  air001xx_hal.o(.text.HAL_InitTick)
    HAL_MspInit                              0x08002751   Thumb Code    20  air001xx_hal_msp.o(.text.HAL_MspInit)
    HAL_NVIC_EnableIRQ                       0x08002769   Thumb Code    16  air001xx_hal_cortex.o(.text.HAL_NVIC_EnableIRQ)
    HAL_NVIC_SetPriority                     0x0800277d   Thumb Code    56  air001xx_hal_cortex.o(.text.HAL_NVIC_SetPriority)
    HAL_RCC_ClockConfig                      0x080027bd   Thumb Code   500  air001xx_hal_rcc.o(.text.HAL_RCC_ClockConfig)
    HAL_RCC_GetPCLK1Freq                     0x080029c1   Thumb Code    28  air001xx_hal_rcc.o(.text.HAL_RCC_GetPCLK1Freq)
    HAL_RCC_GetSysClockFreq                  0x080029e5   Thumb Code   124  air001xx_hal_rcc.o(.text.HAL_RCC_GetSysClockFreq)
    HAL_RCC_OscConfig                        0x08002a71   Thumb Code  1276  air001xx_hal_rcc.o(.text.HAL_RCC_OscConfig)
    HAL_SYSTICK_Config                       0x08002f9d   Thumb Code    40  air001xx_hal_cortex.o(.text.HAL_SYSTICK_Config)
    HAL_UART_Init                            0x08002fd1   Thumb Code   136  air001xx_hal_uart.o(.text.HAL_UART_Init)
    HAL_UART_MspInit                         0x08003059   Thumb Code     2  air001xx_hal_uart.o(.text.HAL_UART_MspInit)
    HAL_UART_Transmit                        0x0800305d   Thumb Code   420  air001xx_hal_uart.o(.text.HAL_UART_Transmit)
    HardFault_Handler                        0x08003205   Thumb Code     2  air001xx_it.o(.text.HardFault_Handler)
    NMI_Handler                              0x08003207   Thumb Code     2  air001xx_it.o(.text.NMI_Handler)
    PendSV_Handler                           0x08003209   Thumb Code     2  air001xx_it.o(.text.PendSV_Handler)
    SVC_Handler                              0x0800320b   Thumb Code     2  air001xx_it.o(.text.SVC_Handler)
    SysTick_Handler                          0x0800320d   Thumb Code     8  air001xx_it.o(.text.SysTick_Handler)
    SystemInit                               0x08003215   Thumb Code    32  system_air001xx.o(.text.SystemInit)
    calc_func                                0x0800330d   Thumb Code   144  core_list_join.o(.text.calc_func)
    check_data_types                         0x0800339d   Thumb Code     4  core_util.o(.text.check_data_types)
    core_bench_list                          0x080033a1   Thumb Code   802  core_list_join.o(.text.core_bench_list)
    core_bench_matrix                        0x080036c3   Thumb Code    32  core_matrix.o(.text.core_bench_matrix)
    core_bench_state                         0x080036e3   Thumb Code   308  core_state.o(.text.core_bench_state)
    core_init_matrix                         0x08003819   Thumb Code   132  core_matrix.o(.text.core_init_matrix)
    core_init_state                          0x080038a1   Thumb Code   116  core_state.o(.text.core_init_state)
    core_list_init                           0x08003955   Thumb Code   432  core_list_join.o(.text.core_list_init)
    core_state_transition                    0x08003b11   Thumb Code   566  core_state.o(.text.core_state_transition)
    coremark_main                            0x08003d49   Thumb Code  1160  core_main.o(.text.coremark_main)
    crc16                                    0x08004305   Thumb Code    10  core_util.o(.text.crc16)
    crcu16                                   0x08004311   Thumb Code   236  core_util.o(.text.crcu16)
    crcu32                                   0x08004405   Thumb Code    20  core_util.o(.text.crcu32)
    ee_printf                                0x08004419   Thumb Code    60  ee_printf.o(.text.ee_printf)
    get_seed_32                              0x08004459   Thumb Code    20  core_util.o(.text.get_seed_32)
    get_time                                 0x08004481   Thumb Code    12  core_portme.o(.text.get_time)
    iterate                                  0x08004491   Thumb Code   100  core_main.o(.text.iterate)
    main                                     0x080044f9   Thumb Code   148  main.o(.text.main)
    matrix_test                              0x08004615   Thumb Code   704  core_matrix.o(.text.matrix_test)
    portable_fini                            0x080048d9   Thumb Code     6  core_portme.o(.text.portable_fini)
    portable_init                            0x080048df   Thumb Code     6  core_portme.o(.text.portable_init)
    start_time                               0x080048e5   Thumb Code    12  core_portme.o(.text.start_time)
    stop_time                                0x080048f1   Thumb Code    12  core_portme.o(.text.stop_time)
    __aeabi_uidiv                            0x08004901   Thumb Code    68  aeabi_sdivfast.o(.text_divfast)
    __aeabi_idiv                             0x08004945   Thumb Code   434  aeabi_sdivfast.o(.text_divfast)
    __ARM_common_ll_muluu                    0x08004af7   Thumb Code    48  btod.o(i.__ARM_common_ll_muluu)
    __ARM_fpclassify                         0x08004b29   Thumb Code    40  fpclassify.o(i.__ARM_fpclassify)
    __aeabi_dcmpge                           0x08004b55   Thumb Code     0  dcmp.o(i._dgeq)
    _dgeq                                    0x08004b55   Thumb Code    22  dcmp.o(i._dgeq)
    __aeabi_dcmple                           0x08004b6b   Thumb Code     0  dcmp.o(i._dleq)
    _dleq                                    0x08004b6b   Thumb Code    26  dcmp.o(i._dleq)
    __aeabi_fcmpge                           0x08004b85   Thumb Code     0  fcmp.o(i._fgeq)
    _fgeq                                    0x08004b85   Thumb Code    22  fcmp.o(i._fgeq)
    _is_digit                                0x08004b9b   Thumb Code    14  __printf_wp.o(i._is_digit)
    _get_lc_numeric                          0x08004ba9   Thumb Code    44  lc_numeric_c.o(locale$$code)
    _get_lc_ctype                            0x08004bd5   Thumb Code    44  lc_ctype_c.o(locale$$code)
    _dcmpge                                  0x08004c01   Thumb Code    94  dgef.o(x$fpl$dgeqf)
    __aeabi_cdcmple                          0x08004c65   Thumb Code     0  dlef.o(x$fpl$dleqf)
    _dcmple                                  0x08004c65   Thumb Code    94  dlef.o(x$fpl$dleqf)
    _fcmpge                                  0x08004cc9   Thumb Code    78  fgef.o(x$fpl$fgeqf)
    _printf_fp_dec                           0x08004d1d   Thumb Code    16  printf1.o(x$fpl$printf1)
    _printf_fp_hex                           0x08004d2d   Thumb Code    16  printf2.o(x$fpl$printf2)
    __I$use$fp                               0x08004d3c   Number         0  usenofp.o(x$fpl$usenofp)
    AHBPrescTable                            0x08004ecc   Data          64  system_air001xx.o(.rodata.AHBPrescTable)
    APBPrescTable                            0x08004f0c   Data          32  system_air001xx.o(.rodata.APBPrescTable)
    HSIFreqTable                             0x08004f2c   Data          32  system_air001xx.o(.rodata.HSIFreqTable)
    Region$$Table$$Base                      0x080053ec   Number         0  anon$$obj.o(Region$$Table)
    Region$$Table$$Limit                     0x0800540c   Number         0  anon$$obj.o(Region$$Table)
    __ctype                                  0x08005435   Data           0  lc_ctype_c.o(locale$$data)
    uwTickPrio                               0x20000000   Data           4  air001xx_hal.o(.data..L_MergedGlobals)
    uwTickFreq                               0x20000004   Data           4  air001xx_hal.o(.data..L_MergedGlobals)
    SystemCoreClock                          0x20000008   Data           4  system_air001xx.o(.data.SystemCoreClock)
    default_num_contexts                     0x2000000c   Data           4  core_portme.o(.data.default_num_contexts)
    seed3_volatile                           0x20000010   Data           4  core_portme.o(.data.seed3_volatile)
    seed4_volatile                           0x20000014   Data           4  core_portme.o(.data.seed4_volatile)
    __libspace_start                         0x20000018   Data          96  libspace.o(.bss)
    __temporary_stack_top$libspace           0x20000078   Data           0  libspace.o(.bss)
    DebugUartHandle                          0x20000080   Data          76  air001_core_board.o(.bss.DebugUartHandle)
    seed1_volatile                           0x200000cc   Data           4  core_portme.o(.bss.seed1_volatile)
    seed2_volatile                           0x200000d0   Data           4  core_portme.o(.bss.seed2_volatile)
    seed5_volatile                           0x200000d4   Data           4  core_portme.o(.bss.seed5_volatile)
    static_memblk                            0x200000d8   Data        2000  core_main.o(.bss.static_memblk)
    uwTick                                   0x200008a8   Data           4  air001xx_hal.o(.bss.uwTick)



==============================================================================

Memory Map of the image

  Image Entry point : 0x080000c1

  Load Region LR_IROM1 (Base: 0x08000000, Size: 0x00005550, Max: 0x00008000, ABSOLUTE)

    Execution Region ER_IROM1 (Exec base: 0x08000000, Load base: 0x08000000, Size: 0x00005538, Max: 0x00008000, ABSOLUTE)

    Exec Addr    Load Addr    Size         Type   Attr      Idx    E Section Name        Object

    0x08000000   0x08000000   0x000000c0   Data   RO          522    RESET               startup_air001_dev.o
    0x080000c0   0x080000c0   0x00000008   Code   RO          773  * !!!main             c_p.l(__main.o)
    0x080000c8   0x080000c8   0x0000003c   Code   RO         1169    !!!scatter          c_p.l(__scatter.o)
    0x08000104   0x08000104   0x0000001a   Code   RO         1171    !!handler_copy      c_p.l(__scatter_copy.o)
    0x0800011e   0x0800011e   0x00000002   PAD
    0x08000120   0x08000120   0x0000001c   Code   RO         1173    !!handler_zi        c_p.l(__scatter_zi.o)
    0x0800013c   0x0800013c   0x00000002   Code   RO          902    .ARM.Collect$$_printf_percent$$00000000  c_p.l(_printf_percent.o)
    0x0800013e   0x0800013e   0x0000000a   Code   RO          891    .ARM.Collect$$_printf_percent$$00000001  c_p.l(_printf_n.o)
    0x08000148   0x08000148   0x0000000a   Code   RO          893    .ARM.Collect$$_printf_percent$$00000002  c_p.l(_printf_p.o)
    0x08000152   0x08000152   0x0000000a   Code   RO          898    .ARM.Collect$$_printf_percent$$00000003  c_p.l(_printf_f.o)
    0x0800015c   0x0800015c   0x0000000a   Code   RO          899    .ARM.Collect$$_printf_percent$$00000004  c_p.l(_printf_e.o)
    0x08000166   0x08000166   0x0000000a   Code   RO          900    .ARM.Collect$$_printf_percent$$00000005  c_p.l(_printf_g.o)
    0x08000170   0x08000170   0x0000000a   Code   RO          901    .ARM.Collect$$_printf_percent$$00000006  c_p.l(_printf_a.o)
    0x0800017a   0x0800017a   0x0000000a   Code   RO          906    .ARM.Collect$$_printf_percent$$00000007  c_p.l(_printf_ll.o)
    0x08000184   0x08000184   0x0000000a   Code   RO          895    .ARM.Collect$$_printf_percent$$00000008  c_p.l(_printf_i.o)
    0x0800018e   0x0800018e   0x0000000a   Code   RO          896    .ARM.Collect$$_printf_percent$$00000009  c_p.l(_printf_d.o)
    0x08000198   0x08000198   0x0000000a   Code   RO          897    .ARM.Collect$$_printf_percent$$0000000A  c_p.l(_printf_u.o)
    0x080001a2   0x080001a2   0x0000000a   Code   RO          894    .ARM.Collect$$_printf_percent$$0000000B  c_p.l(_printf_o.o)
    0x080001ac   0x080001ac   0x0000000a   Code   RO          892    .ARM.Collect$$_printf_percent$$0000000C  c_p.l(_printf_x.o)
    0x080001b6   0x080001b6   0x0000000a   Code   RO          903    .ARM.Collect$$_printf_percent$$0000000D  c_p.l(_printf_lli.o)
    0x080001c0   0x080001c0   0x0000000a   Code   RO          904    .ARM.Collect$$_printf_percent$$0000000E  c_p.l(_printf_lld.o)
    0x080001ca   0x080001ca   0x0000000a   Code   RO          905    .ARM.Collect$$_printf_percent$$0000000F  c_p.l(_printf_llu.o)
    0x080001d4   0x080001d4   0x0000000a   Code   RO          910    .ARM.Collect$$_printf_percent$$00000010  c_p.l(_printf_llo.o)
    0x080001de   0x080001de   0x0000000a   Code   RO          911    .ARM.Collect$$_printf_percent$$00000011  c_p.l(_printf_llx.o)
    0x080001e8   0x080001e8   0x0000000a   Code   RO          907    .ARM.Collect$$_printf_percent$$00000012  c_p.l(_printf_l.o)
    0x080001f2   0x080001f2   0x0000000a   Code   RO          889    .ARM.Collect$$_printf_percent$$00000013  c_p.l(_printf_c.o)
    0x080001fc   0x080001fc   0x0000000a   Code   RO          890    .ARM.Collect$$_printf_percent$$00000014  c_p.l(_printf_s.o)
    0x08000206   0x08000206   0x0000000a   Code   RO          908    .ARM.Collect$$_printf_percent$$00000015  c_p.l(_printf_lc.o)
    0x08000210   0x08000210   0x0000000a   Code   RO          909    .ARM.Collect$$_printf_percent$$00000016  c_p.l(_printf_ls.o)
    0x0800021a   0x0800021a   0x00000004   Code   RO          967    .ARM.Collect$$_printf_percent$$00000017  c_p.l(_printf_percent_end.o)
    0x0800021e   0x0800021e   0x00000002   Code   RO         1011    .ARM.Collect$$libinit$$00000000  c_p.l(libinit.o)
    0x08000220   0x08000220   0x00000000   Code   RO         1042    .ARM.Collect$$libinit$$00000002  c_p.l(libinit2.o)
    0x08000220   0x08000220   0x00000000   Code   RO         1044    .ARM.Collect$$libinit$$00000004  c_p.l(libinit2.o)
    0x08000220   0x08000220   0x00000000   Code   RO         1047    .ARM.Collect$$libinit$$0000000A  c_p.l(libinit2.o)
    0x08000220   0x08000220   0x00000000   Code   RO         1049    .ARM.Collect$$libinit$$0000000C  c_p.l(libinit2.o)
    0x08000220   0x08000220   0x00000000   Code   RO         1051    .ARM.Collect$$libinit$$0000000E  c_p.l(libinit2.o)
    0x08000220   0x08000220   0x00000006   Code   RO         1052    .ARM.Collect$$libinit$$0000000F  c_p.l(libinit2.o)
    0x08000226   0x08000226   0x00000000   Code   RO         1054    .ARM.Collect$$libinit$$00000011  c_p.l(libinit2.o)
    0x08000226   0x08000226   0x0000000c   Code   RO         1055    .ARM.Collect$$libinit$$00000012  c_p.l(libinit2.o)
    0x08000232   0x08000232   0x00000000   Code   RO         1056    .ARM.Collect$$libinit$$00000013  c_p.l(libinit2.o)
    0x08000232   0x08000232   0x00000000   Code   RO         1058    .ARM.Collect$$libinit$$00000015  c_p.l(libinit2.o)
    0x08000232   0x08000232   0x0000000a   Code   RO         1059    .ARM.Collect$$libinit$$00000016  c_p.l(libinit2.o)
    0x0800023c   0x0800023c   0x00000000   Code   RO         1060    .ARM.Collect$$libinit$$00000017  c_p.l(libinit2.o)
    0x0800023c   0x0800023c   0x00000000   Code   RO         1062    .ARM.Collect$$libinit$$00000019  c_p.l(libinit2.o)
    0x0800023c   0x0800023c   0x00000000   Code   RO         1064    .ARM.Collect$$libinit$$0000001B  c_p.l(libinit2.o)
    0x0800023c   0x0800023c   0x00000000   Code   RO         1066    .ARM.Collect$$libinit$$0000001D  c_p.l(libinit2.o)
    0x0800023c   0x0800023c   0x00000000   Code   RO         1068    .ARM.Collect$$libinit$$0000001F  c_p.l(libinit2.o)
    0x0800023c   0x0800023c   0x00000000   Code   RO         1070    .ARM.Collect$$libinit$$00000021  c_p.l(libinit2.o)
    0x0800023c   0x0800023c   0x00000000   Code   RO         1072    .ARM.Collect$$libinit$$00000023  c_p.l(libinit2.o)
    0x0800023c   0x0800023c   0x00000000   Code   RO         1074    .ARM.Collect$$libinit$$00000025  c_p.l(libinit2.o)
    0x0800023c   0x0800023c   0x00000000   Code   RO         1078    .ARM.Collect$$libinit$$0000002C  c_p.l(libinit2.o)
    0x0800023c   0x0800023c   0x00000000   Code   RO         1080    .ARM.Collect$$libinit$$0000002E  c_p.l(libinit2.o)
    0x0800023c   0x0800023c   0x00000000   Code   RO         1082    .ARM.Collect$$libinit$$00000030  c_p.l(libinit2.o)
    0x0800023c   0x0800023c   0x00000000   Code   RO         1084    .ARM.Collect$$libinit$$00000032  c_p.l(libinit2.o)
    0x0800023c   0x0800023c   0x00000002   Code   RO         1085    .ARM.Collect$$libinit$$00000033  c_p.l(libinit2.o)
    0x0800023e   0x0800023e   0x00000002   Code   RO         1124    .ARM.Collect$$libshutdown$$00000000  c_p.l(libshutdown.o)
    0x08000240   0x08000240   0x00000000   Code   RO         1152    .ARM.Collect$$libshutdown$$00000002  c_p.l(libshutdown2.o)
    0x08000240   0x08000240   0x00000000   Code   RO         1154    .ARM.Collect$$libshutdown$$00000004  c_p.l(libshutdown2.o)
    0x08000240   0x08000240   0x00000000   Code   RO         1157    .ARM.Collect$$libshutdown$$00000007  c_p.l(libshutdown2.o)
    0x08000240   0x08000240   0x00000000   Code   RO         1160    .ARM.Collect$$libshutdown$$0000000A  c_p.l(libshutdown2.o)
    0x08000240   0x08000240   0x00000000   Code   RO         1162    .ARM.Collect$$libshutdown$$0000000C  c_p.l(libshutdown2.o)
    0x08000240   0x08000240   0x00000000   Code   RO         1165    .ARM.Collect$$libshutdown$$0000000F  c_p.l(libshutdown2.o)
    0x08000240   0x08000240   0x00000002   Code   RO         1166    .ARM.Collect$$libshutdown$$00000010  c_p.l(libshutdown2.o)
    0x08000242   0x08000242   0x00000000   Code   RO          814    .ARM.Collect$$rtentry$$00000000  c_p.l(__rtentry.o)
    0x08000242   0x08000242   0x00000000   Code   RO          934    .ARM.Collect$$rtentry$$00000002  c_p.l(__rtentry2.o)
    0x08000242   0x08000242   0x00000006   Code   RO          946    .ARM.Collect$$rtentry$$00000004  c_p.l(__rtentry4.o)
    0x08000248   0x08000248   0x00000000   Code   RO          936    .ARM.Collect$$rtentry$$00000009  c_p.l(__rtentry2.o)
    0x08000248   0x08000248   0x00000004   Code   RO          937    .ARM.Collect$$rtentry$$0000000A  c_p.l(__rtentry2.o)
    0x0800024c   0x0800024c   0x00000000   Code   RO          939    .ARM.Collect$$rtentry$$0000000C  c_p.l(__rtentry2.o)
    0x0800024c   0x0800024c   0x00000008   Code   RO          940    .ARM.Collect$$rtentry$$0000000D  c_p.l(__rtentry2.o)
    0x08000254   0x08000254   0x00000002   Code   RO         1026    .ARM.Collect$$rtexit$$00000000  c_p.l(rtexit.o)
    0x08000256   0x08000256   0x00000000   Code   RO         1093    .ARM.Collect$$rtexit$$00000002  c_p.l(rtexit2.o)
    0x08000256   0x08000256   0x00000004   Code   RO         1094    .ARM.Collect$$rtexit$$00000003  c_p.l(rtexit2.o)
    0x0800025a   0x0800025a   0x00000006   Code   RO         1095    .ARM.Collect$$rtexit$$00000004  c_p.l(rtexit2.o)
    0x08000260   0x08000260   0x00000034   Code   RO          523    .text               startup_air001_dev.o
    0x08000294   0x08000294   0x00000038   Code   RO          759    .text               c_p.l(vsnprintf.o)
    0x080002cc   0x080002cc   0x00000040   Code   RO          761    .text               c_p.l(rt_memclr.o)
    0x0800030c   0x0800030c   0x000001f8   Code   RO          763    .text               c_p.l(aeabi_sdivfast.o)
    0x08000504   0x08000504   0x00000006   Code   RO          771    .text               c_p.l(heapauxi.o)
    0x0800050a   0x0800050a   0x00000002   PAD
    0x0800050c   0x0800050c   0x0000007c   Code   RO          775    .text               fz_ps.l(d2f.o)
    0x08000588   0x08000588   0x00000448   Code   RO          789    .text               fz_ps.l(ddiv.o)
    0x080009d0   0x080009d0   0x00000058   Code   RO          792    .text               fz_ps.l(dflti.o)
    0x08000a28   0x08000a28   0x00000248   Code   RO          794    .text               fz_ps.l(dmul.o)
    0x08000c70   0x08000c70   0x00000030   Code   RO          808    .text               fz_ps.l(ffixui.o)
    0x08000ca0   0x08000ca0   0x0000004e   Code   RO          821    .text               c_p.l(_printf_pad.o)
    0x08000cee   0x08000cee   0x00000024   Code   RO          823    .text               c_p.l(_printf_truncate.o)
    0x08000d12   0x08000d12   0x00000052   Code   RO          825    .text               c_p.l(_printf_str.o)
    0x08000d64   0x08000d64   0x0000006c   Code   RO          827    .text               c_p.l(_printf_dec.o)
    0x08000dd0   0x08000dd0   0x00000026   Code   RO          829    .text               c_p.l(_printf_charcount.o)
    0x08000df6   0x08000df6   0x00000002   PAD
    0x08000df8   0x08000df8   0x00000030   Code   RO          831    .text               c_p.l(_printf_char_common.o)
    0x08000e28   0x08000e28   0x0000000a   Code   RO          833    .text               c_p.l(_sputc.o)
    0x08000e32   0x08000e32   0x00000010   Code   RO          835    .text               c_p.l(_snputc.o)
    0x08000e42   0x08000e42   0x00000002   PAD
    0x08000e44   0x08000e44   0x000000bc   Code   RO          837    .text               c_p.l(_printf_wctomb.o)
    0x08000f00   0x08000f00   0x00000070   Code   RO          840    .text               c_p.l(_printf_longlong_dec.o)
    0x08000f70   0x08000f70   0x00000070   Code   RO          846    .text               c_p.l(_printf_oct_int_ll.o)
    0x08000fe0   0x08000fe0   0x00000098   Code   RO          866    .text               c_p.l(_printf_hex_int_ll_ptr.o)
    0x08001078   0x08001078   0x00000188   Code   RO          886    .text               c_p.l(__printf_flags_ss_wp.o)
    0x08001200   0x08001200   0x0000007a   Code   RO          950    .text               c_p.l(lludiv10.o)
    0x0800127a   0x0800127a   0x000000b0   Code   RO          952    .text               c_p.l(_printf_intcommon.o)
    0x0800132a   0x0800132a   0x00000002   PAD
    0x0800132c   0x0800132c   0x00000414   Code   RO          954    .text               c_p.l(_printf_fp_dec.o)
    0x08001740   0x08001740   0x000002d8   Code   RO          958    .text               c_p.l(_printf_fp_hex.o)
    0x08001a18   0x08001a18   0x0000002e   Code   RO          963    .text               c_p.l(_printf_char.o)
    0x08001a46   0x08001a46   0x0000002e   Code   RO          965    .text               c_p.l(_printf_wchar.o)
    0x08001a74   0x08001a74   0x00000042   Code   RO          968    .text               c_p.l(_c16rtomb.o)
    0x08001ab6   0x08001ab6   0x00000028   Code   RO          970    .text               c_p.l(rtudiv10.o)
    0x08001ade   0x08001ade   0x00000002   PAD
    0x08001ae0   0x08001ae0   0x000000a0   Code   RO          972    .text               fz_ps.l(dcmpin.o)
    0x08001b80   0x08001b80   0x00000064   Code   RO          974    .text               fz_ps.l(fcmpin.o)
    0x08001be4   0x08001be4   0x0000003e   Code   RO          976    .text               c_p.l(sys_stackheap_outer.o)
    0x08001c22   0x08001c22   0x00000002   PAD
    0x08001c24   0x08001c24   0x00000010   Code   RO          979    .text               c_p.l(rt_ctype_table.o)
    0x08001c34   0x08001c34   0x00000008   Code   RO          984    .text               c_p.l(rt_locale_intlibspace.o)
    0x08001c3c   0x08001c3c   0x00000088   Code   RO          986    .text               c_p.l(_printf_fp_infnan.o)
    0x08001cc4   0x08001cc4   0x000000d8   Code   RO          988    .text               c_p.l(bigflt0.o)
    0x08001d9c   0x08001d9c   0x00000580   Code   RO          991    .text               c_p.l(btod.o)
    0x0800231c   0x0800231c   0x00000010   Code   RO         1000    .text               c_p.l(exit.o)
    0x0800232c   0x0800232c   0x0000002e   Code   RO         1012    .text               fz_ps.l(cmpret.o)
    0x0800235a   0x0800235a   0x00000002   PAD
    0x0800235c   0x0800235c   0x00000014   Code   RO         1014    .text               fz_ps.l(dnan2.o)
    0x08002370   0x08002370   0x00000010   Code   RO         1016    .text               fz_ps.l(fnan2.o)
    0x08002380   0x08002380   0x00000008   Code   RO         1022    .text               c_p.l(libspace.o)
    0x08002388   0x08002388   0x000000b0   Code   RO         1039    .text               c_p.l(strcmpv6m.o)
    0x08002438   0x08002438   0x0000005e   Code   RO         1086    .text               fz_ps.l(retnan.o)
    0x08002496   0x08002496   0x00000002   PAD
    0x08002498   0x08002498   0x0000000c   Code   RO         1088    .text               c_p.l(sys_exit.o)
    0x080024a4   0x080024a4   0x00000002   Code   RO         1113    .text               c_p.l(use_no_semi.o)
    0x080024a6   0x080024a6   0x00000000   Code   RO         1115    .text               c_p.l(indicate_semi.o)
    0x080024a6   0x080024a6   0x00000002   PAD
    0x080024a8   0x080024a8   0x000000a4   Code   RO          587    .text.BSP_USART_Config  air001_core_board.o
    0x0800254c   0x0800254c   0x00000020   Code   RO           22    .text.HAL_Delay     air001xx_hal.o
    0x0800256c   0x0800256c   0x0000016c   Code   RO          205    .text.HAL_GPIO_Init  air001xx_hal_gpio.o
    0x080026d8   0x080026d8   0x00000008   Code   RO           14    .text.HAL_GetTick   air001xx_hal.o
    0x080026e0   0x080026e0   0x00000014   Code   RO           12    .text.HAL_IncTick   air001xx_hal.o
    0x080026f4   0x080026f4   0x00000018   Code   RO            2    .text.HAL_Init      air001xx_hal.o
    0x0800270c   0x0800270c   0x00000044   Code   RO            4    .text.HAL_InitTick  air001xx_hal.o
    0x08002750   0x08002750   0x00000018   Code   RO          530    .text.HAL_MspInit   air001xx_hal_msp.o
    0x08002768   0x08002768   0x00000014   Code   RO           63    .text.HAL_NVIC_EnableIRQ  air001xx_hal_cortex.o
    0x0800277c   0x0800277c   0x00000040   Code   RO           61    .text.HAL_NVIC_SetPriority  air001xx_hal_cortex.o
    0x080027bc   0x080027bc   0x00000204   Code   RO          296    .text.HAL_RCC_ClockConfig  air001xx_hal_rcc.o
    0x080029c0   0x080029c0   0x00000024   Code   RO          302    .text.HAL_RCC_GetPCLK1Freq  air001xx_hal_rcc.o
    0x080029e4   0x080029e4   0x0000008c   Code   RO          294    .text.HAL_RCC_GetSysClockFreq  air001xx_hal_rcc.o
    0x08002a70   0x08002a70   0x0000052c   Code   RO          292    .text.HAL_RCC_OscConfig  air001xx_hal_rcc.o
    0x08002f9c   0x08002f9c   0x00000034   Code   RO           69    .text.HAL_SYSTICK_Config  air001xx_hal_cortex.o
    0x08002fd0   0x08002fd0   0x00000088   Code   RO          357    .text.HAL_UART_Init  air001xx_hal_uart.o
    0x08003058   0x08003058   0x00000002   Code   RO          359    .text.HAL_UART_MspInit  air001xx_hal_uart.o
    0x0800305a   0x0800305a   0x00000002   PAD
    0x0800305c   0x0800305c   0x000001a8   Code   RO          371    .text.HAL_UART_Transmit  air001xx_hal_uart.o
    0x08003204   0x08003204   0x00000002   Code   RO          540    .text.HardFault_Handler  air001xx_it.o
    0x08003206   0x08003206   0x00000002   Code   RO          538    .text.NMI_Handler   air001xx_it.o
    0x08003208   0x08003208   0x00000002   Code   RO          544    .text.PendSV_Handler  air001xx_it.o
    0x0800320a   0x0800320a   0x00000002   Code   RO          542    .text.SVC_Handler   air001xx_it.o
    0x0800320c   0x0800320c   0x00000008   Code   RO          546    .text.SysTick_Handler  air001xx_it.o
    0x08003214   0x08003214   0x00000030   Code   RO          507    .text.SystemInit    system_air001xx.o
    0x08003244   0x08003244   0x000000c8   Code   RO          361    .text.UART_SetConfig  air001xx_hal_uart.o
    0x0800330c   0x0800330c   0x00000090   Code   RO          607    .text.calc_func     core_list_join.o
    0x0800339c   0x0800339c   0x00000004   Code   RO          712    .text.check_data_types  core_util.o
    0x080033a0   0x080033a0   0x00000322   Code   RO          615    .text.core_bench_list  core_list_join.o
    0x080036c2   0x080036c2   0x00000020   Code   RO          657    .text.core_bench_matrix  core_matrix.o
    0x080036e2   0x080036e2   0x00000134   Code   RO          683    .text.core_bench_state  core_state.o
    0x08003816   0x08003816   0x00000002   PAD
    0x08003818   0x08003818   0x00000088   Code   RO          673    .text.core_init_matrix  core_matrix.o
    0x080038a0   0x080038a0   0x000000b4   Code   RO          687    .text.core_init_state  core_state.o
    0x08003954   0x08003954   0x000001bc   Code   RO          627    .text.core_list_init  core_list_join.o
    0x08003b10   0x08003b10   0x00000236   Code   RO          685    .text.core_state_transition  core_state.o
    0x08003d46   0x08003d46   0x00000002   PAD
    0x08003d48   0x08003d48   0x000005bc   Code   RO          641    .text.coremark_main  core_main.o
    0x08004304   0x08004304   0x0000000a   Code   RO          710    .text.crc16         core_util.o
    0x0800430e   0x0800430e   0x00000002   PAD
    0x08004310   0x08004310   0x000000f4   Code   RO          706    .text.crcu16        core_util.o
    0x08004404   0x08004404   0x00000014   Code   RO          708    .text.crcu32        core_util.o
    0x08004418   0x08004418   0x00000040   Code   RO          749    .text.ee_printf     ee_printf.o
    0x08004458   0x08004458   0x00000028   Code   RO          702    .text.get_seed_32   core_util.o
    0x08004480   0x08004480   0x00000010   Code   RO          726    .text.get_time      core_portme.o
    0x08004490   0x08004490   0x00000068   Code   RO          639    .text.iterate       core_main.o
    0x080044f8   0x080044f8   0x0000011c   Code   RO          555    .text.main          main.o
    0x08004614   0x08004614   0x000002c4   Code   RO          659    .text.matrix_test   core_matrix.o
    0x080048d8   0x080048d8   0x00000006   Code   RO          732    .text.portable_fini  core_portme.o
    0x080048de   0x080048de   0x00000006   Code   RO          730    .text.portable_init  core_portme.o
    0x080048e4   0x080048e4   0x0000000c   Code   RO          722    .text.start_time    core_portme.o
    0x080048f0   0x080048f0   0x00000010   Code   RO          724    .text.stop_time     core_portme.o
    0x08004900   0x08004900   0x000001f6   Code   RO          764    .text_divfast       c_p.l(aeabi_sdivfast.o)
    0x08004af6   0x08004af6   0x00000030   Code   RO          993    i.__ARM_common_ll_muluu  c_p.l(btod.o)
    0x08004b26   0x08004b26   0x00000002   PAD
    0x08004b28   0x08004b28   0x0000002c   Code   RO         1020    i.__ARM_fpclassify  m_ps.l(fpclassify.o)
    0x08004b54   0x08004b54   0x00000016   Code   RO          778    i._dgeq             fz_ps.l(dcmp.o)
    0x08004b6a   0x08004b6a   0x0000001a   Code   RO          780    i._dleq             fz_ps.l(dcmp.o)
    0x08004b84   0x08004b84   0x00000016   Code   RO          797    i._fgeq             fz_ps.l(fcmp.o)
    0x08004b9a   0x08004b9a   0x0000000e   Code   RO          879    i._is_digit         c_p.l(__printf_wp.o)
    0x08004ba8   0x08004ba8   0x0000002c   Code   RO          998    locale$$code        c_p.l(lc_numeric_c.o)
    0x08004bd4   0x08004bd4   0x0000002c   Code   RO         1033    locale$$code        c_p.l(lc_ctype_c.o)
    0x08004c00   0x08004c00   0x00000064   Code   RO          914    x$fpl$dgeqf         fz_ps.l(dgef.o)
    0x08004c64   0x08004c64   0x00000064   Code   RO          916    x$fpl$dleqf         fz_ps.l(dlef.o)
    0x08004cc8   0x08004cc8   0x00000054   Code   RO          920    x$fpl$fgeqf         fz_ps.l(fgef.o)
    0x08004d1c   0x08004d1c   0x00000010   Code   RO          924    x$fpl$printf1       fz_ps.l(printf1.o)
    0x08004d2c   0x08004d2c   0x00000010   Code   RO          926    x$fpl$printf2       fz_ps.l(printf2.o)
    0x08004d3c   0x08004d3c   0x00000000   Code   RO          932    x$fpl$usenofp       fz_ps.l(usenofp.o)
    0x08004d3c   0x08004d3c   0x00000080   Data   RO          790    .constdata          fz_ps.l(ddiv.o)
    0x08004dbc   0x08004dbc   0x00000008   Data   RO          838    .constdata          c_p.l(_printf_wctomb.o)
    0x08004dc4   0x08004dc4   0x00000028   Data   RO          867    .constdata          c_p.l(_printf_hex_int_ll_ptr.o)
    0x08004dec   0x08004dec   0x00000011   Data   RO          887    .constdata          c_p.l(__printf_flags_ss_wp.o)
    0x08004dfd   0x08004dfd   0x00000026   Data   RO          959    .constdata          c_p.l(_printf_fp_hex.o)
    0x08004e23   0x08004e23   0x00000001   PAD
    0x08004e24   0x08004e24   0x00000094   Data   RO          989    .constdata          c_p.l(bigflt0.o)
    0x08004eb8   0x08004eb8   0x00000014   Data   RO          320    .rodata..L__const.HAL_RCC_GetSysClockFreq.hsiValue  air001xx_hal_rcc.o
    0x08004ecc   0x08004ecc   0x00000040   Data   RO          510    .rodata.AHBPrescTable  system_air001xx.o
    0x08004f0c   0x08004f0c   0x00000020   Data   RO          511    .rodata.APBPrescTable  system_air001xx.o
    0x08004f2c   0x08004f2c   0x00000020   Data   RO          512    .rodata.HSIFreqTable  system_air001xx.o
    0x08004f4c   0x08004f4c   0x00000010   Data   RO          692    .rodata.errpat      core_state.o
    0x08004f5c   0x08004f5c   0x00000010   Data   RO          690    .rodata.floatpat    core_state.o
    0x08004f6c   0x08004f6c   0x00000010   Data   RO          689    .rodata.intpat      core_state.o
    0x08004f7c   0x08004f7c   0x0000000a   Data   RO          646    .rodata.list_known_crc  core_main.o
    0x08004f86   0x08004f86   0x0000000a   Data   RO          647    .rodata.matrix_known_crc  core_main.o
    0x08004f90   0x08004f90   0x00000010   Data   RO          691    .rodata.scipat      core_state.o
    0x08004fa0   0x08004fa0   0x0000000a   Data   RO          648    .rodata.state_known_crc  core_main.o
    0x08004faa   0x08004faa   0x000003c0   Data   RO          643    .rodata.str1.1      core_main.o
    0x0800536a   0x0800536a   0x00000080   Data   RO          693    .rodata.str1.1      core_state.o
    0x080053ea   0x080053ea   0x00000002   PAD
    0x080053ec   0x080053ec   0x00000020   Data   RO         1168    Region$$Table       anon$$obj.o
    0x0800540c   0x0800540c   0x0000001c   Data   RO          997    locale$$data        c_p.l(lc_numeric_c.o)
    0x08005428   0x08005428   0x00000110   Data   RO         1032    locale$$data        c_p.l(lc_ctype_c.o)


    Execution Region RW_IRAM1 (Exec base: 0x20000000, Load base: 0x08005538, Size: 0x00000cb0, Max: 0x00001000, ABSOLUTE)

    Exec Addr    Load Addr    Size         Type   Attr      Idx    E Section Name        Object

    0x20000000   0x08005538   0x00000008   Data   RW           47    .data..L_MergedGlobals  air001xx_hal.o
    0x20000008   0x08005540   0x00000004   Data   RW          509    .data.SystemCoreClock  system_air001xx.o
    0x2000000c   0x08005544   0x00000004   Data   RW          739    .data.default_num_contexts  core_portme.o
    0x20000010   0x08005548   0x00000004   Data   RW          736    .data.seed3_volatile  core_portme.o
    0x20000014   0x0800554c   0x00000004   Data   RW          737    .data.seed4_volatile  core_portme.o
    0x20000018        -       0x00000060   Zero   RW         1023    .bss                c_p.l(libspace.o)
    0x20000078        -       0x00000008   Zero   RW          740    .bss..L_MergedGlobals  core_portme.o
    0x20000080        -       0x0000004c   Zero   RW          598    .bss.DebugUartHandle  air001_core_board.o
    0x200000cc        -       0x00000004   Zero   RW          734    .bss.seed1_volatile  core_portme.o
    0x200000d0        -       0x00000004   Zero   RW          735    .bss.seed2_volatile  core_portme.o
    0x200000d4        -       0x00000004   Zero   RW          738    .bss.seed5_volatile  core_portme.o
    0x200000d8        -       0x000007d0   Zero   RW          645    .bss.static_memblk  core_main.o
    0x200008a8        -       0x00000004   Zero   RW           46    .bss.uwTick         air001xx_hal.o
    0x200008ac   0x08005550   0x00000004   PAD
    0x200008b0        -       0x00000000   Zero   RW          521    HEAP                startup_air001_dev.o
    0x200008b0        -       0x00000400   Zero   RW          520    STACK               startup_air001_dev.o


==============================================================================

Image component sizes


      Code (inc. data)   RO Data    RW Data    ZI Data      Debug   Object Name

       164         12          0          0         76       7832   air001_core_board.o
       152          8          0          8          4       5397   air001xx_hal.o
       136         24          0          0          0       5331   air001xx_hal_cortex.o
       364         16          0          0          0       4570   air001xx_hal_gpio.o
        24          4          0          0          0       1166   air001xx_hal_msp.o
      2016        116         20          0          0       9688   air001xx_hal_rcc.o
       762          8          0          0          0      20223   air001xx_hal_uart.o
        16          0          0          0          0        689   air001xx_it.o
      1390         12          0          0          0      15063   core_list_join.o
      1572        320        990          0       2000       4579   core_main.o
       876          8          0          0          0       9567   core_matrix.o
        56          8          0         12         20       1931   core_portme.o
      1054         64        192          0          0       5121   core_state.o
       318         28          0          0          0       4055   core_util.o
        64          4          0          0          0       1605   ee_printf.o
       284        136          0          0          0       1884   main.o
        52         22        192          0       1024        616   startup_air001_dev.o
        48         16        128          4          0       1954   system_air001xx.o

    ----------------------------------------------------------------------
      9356        806       1556         24       3128     101271   Object Totals
         0          0         32          0          0          0   (incl. Generated)
         8          0          2          0          4          0   (incl. Padding)

    ----------------------------------------------------------------------

      Code (inc. data)   RO Data    RW Data    ZI Data      Debug   Library Member Name

         8          0          0          0          0         68   __main.o
       392          6         17          0          0         76   __printf_flags_ss_wp.o
        14          0          0          0          0         60   __printf_wp.o
         0          0          0          0          0          0   __rtentry.o
        12          0          0          0          0          0   __rtentry2.o
         6          0          0          0          0          0   __rtentry4.o
        60          8          0          0          0          0   __scatter.o
        26          0          0          0          0          0   __scatter_copy.o
        28          0          0          0          0          0   __scatter_zi.o
        66          0          0          0          0         76   _c16rtomb.o
        10          0          0          0          0          0   _printf_a.o
        10          0          0          0          0          0   _printf_c.o
        46          0          0          0          0        100   _printf_char.o
        48          6          0          0          0         88   _printf_char_common.o
        38          0          0          0          0         60   _printf_charcount.o
        10          0          0          0          0          0   _printf_d.o
       108         18          0          0          0         76   _printf_dec.o
        10          0          0          0          0          0   _printf_e.o
        10          0          0          0          0          0   _printf_f.o
      1044         12          0          0          0        116   _printf_fp_dec.o
       728         10         38          0          0         84   _printf_fp_hex.o
       136         16          0          0          0         76   _printf_fp_infnan.o
        10          0          0          0          0          0   _printf_g.o
       152          4         40          0          0        148   _printf_hex_int_ll_ptr.o
        10          0          0          0          0          0   _printf_i.o
       176          0          0          0          0         84   _printf_intcommon.o
        10          0          0          0          0          0   _printf_l.o
        10          0          0          0          0          0   _printf_lc.o
        10          0          0          0          0          0   _printf_ll.o
        10          0          0          0          0          0   _printf_lld.o
        10          0          0          0          0          0   _printf_lli.o
        10          0          0          0          0          0   _printf_llo.o
        10          0          0          0          0          0   _printf_llu.o
        10          0          0          0          0          0   _printf_llx.o
       112         18          0          0          0         76   _printf_longlong_dec.o
        10          0          0          0          0          0   _printf_ls.o
        10          0          0          0          0          0   _printf_n.o
        10          0          0          0          0          0   _printf_o.o
       112         10          0          0          0        112   _printf_oct_int_ll.o
        10          0          0          0          0          0   _printf_p.o
        78          0          0          0          0        100   _printf_pad.o
         2          0          0          0          0          0   _printf_percent.o
         4          0          0          0          0          0   _printf_percent_end.o
        10          0          0          0          0          0   _printf_s.o
        82          0          0          0          0         72   _printf_str.o
        36          0          0          0          0         76   _printf_truncate.o
        10          0          0          0          0          0   _printf_u.o
        46          0          0          0          0        100   _printf_wchar.o
       188          6          8          0          0         80   _printf_wctomb.o
        10          0          0          0          0          0   _printf_x.o
        16          0          0          0          0         60   _snputc.o
        10          0          0          0          0         60   _sputc.o
      1006          4          0          0          0        184   aeabi_sdivfast.o
       216          6        148          0          0         80   bigflt0.o
      1456         30          0          0          0        336   btod.o
        16          0          0          0          0         68   exit.o
         6          0          0          0          0        136   heapauxi.o
         0          0          0          0          0          0   indicate_semi.o
        44         10        272          0          0         76   lc_ctype_c.o
        44         10         28          0          0         76   lc_numeric_c.o
         2          0          0          0          0          0   libinit.o
        30          0          0          0          0          0   libinit2.o
         2          0          0          0          0          0   libshutdown.o
         2          0          0          0          0          0   libshutdown2.o
         8          4          0          0         96         68   libspace.o
       122          0          0          0          0         72   lludiv10.o
        16          4          0          0          0         76   rt_ctype_table.o
         8          4          0          0          0         68   rt_locale_intlibspace.o
        64          0          0          0          0        108   rt_memclr.o
         2          0          0          0          0          0   rtexit.o
        10          0          0          0          0          0   rtexit2.o
        40          0          0          0          0         60   rtudiv10.o
       176          4          0          0          0         80   strcmpv6m.o
        12          4          0          0          0         60   sys_exit.o
        62          0          0          0          0         80   sys_stackheap_outer.o
         2          0          0          0          0         68   use_no_semi.o
        56          6          0          0          0         72   vsnprintf.o
        46          0          0          0          0         60   cmpret.o
       124          4          0          0          0         72   d2f.o
        48          0          0          0          0        136   dcmp.o
       160          6          0          0          0         76   dcmpin.o
      1096         26        128          0          0        112   ddiv.o
        88          0          0          0          0         92   dflti.o
       100          4          0          0          0         92   dgef.o
       100          4          0          0          0         92   dlef.o
       584         26          0          0          0         84   dmul.o
        20          6          0          0          0         68   dnan2.o
        22          0          0          0          0         68   fcmp.o
       100          4          0          0          0         68   fcmpin.o
        48          0          0          0          0         60   ffixui.o
        84          4          0          0          0         76   fgef.o
        16          6          0          0          0         68   fnan2.o
        16          4          0          0          0         76   printf1.o
        16          4          0          0          0         76   printf2.o
        94          0          0          0          0         68   retnan.o
         0          0          0          0          0          0   usenofp.o
        44          4          0          0          0         60   fpclassify.o

    ----------------------------------------------------------------------
     10224        302        680          0         96       5120   Library Totals
        22          0          1          0          0          0   (incl. Padding)

    ----------------------------------------------------------------------

      Code (inc. data)   RO Data    RW Data    ZI Data      Debug   Library Name

      7396        200        551          0         96       3616   c_p.l
      2762         98        128          0          0       1444   fz_ps.l
        44          4          0          0          0         60   m_ps.l

    ----------------------------------------------------------------------
     10224        302        680          0         96       5120   Library Totals

    ----------------------------------------------------------------------

==============================================================================


      Code (inc. data)   RO Data    RW Data    ZI Data      Debug   

     19580       1108       2236         24       3224     103463   Grand Totals
     19580       1108       2236         24       3224     103463   ELF Image Totals
     19580       1108       2236         24          0          0   ROM Totals

==============================================================================

    Total RO  Size (Code + RO Data)                21816 (  21.30kB)
    Total RW  Size (RW Data + ZI Data)              3248 (   3.17kB)
    Total ROM Size (Code + RO Data + RW Data)      21840 (  21.33kB)

==============================================================================

